Component: ARM Compiler 5.06 update 6 (build 750) Tool: armlink [4d35ed]

==============================================================================

Section Cross References

    main.o(i.MY_TIM6_Init) refers to stm32f10x_rcc.o(i.RCC_APB1PeriphClockCmd) for RCC_APB1PeriphClockCmd
    main.o(i.MY_TIM6_Init) refers to stm32f10x_tim.o(i.TIM_TimeBaseInit) for TIM_TimeBaseInit
    main.o(i.MY_TIM6_Init) refers to stm32f10x_tim.o(i.TIM_Cmd) for TIM_Cmd
    main.o(i.Servo_open) refers to ffixu.o(x$fpl$ffixu) for __aeabi_f2uiz
    main.o(i.Servo_open) refers to stm32f10x_tim.o(i.TIM_SetCompare1) for TIM_SetCompare1
    main.o(i.Servo_open) refers to stm32f10x_tim.o(i.TIM_SetCompare2) for TIM_SetCompare2
    main.o(i.Servo_open) refers to stm32f10x_tim.o(i.TIM_SetCompare3) for TIM_SetCompare3
    main.o(i.Servo_open) refers to main.o(.data) for pid_s
    main.o(i.asb) refers to fleqf.o(x$fpl$fleqf) for __aeabi_cfcmple
    main.o(i.main) refers to bsp_key.o(i.Key_GPIO_Config) for Key_GPIO_Config
    main.o(i.main) refers to oled.o(i.OLED_init) for OLED_init
    main.o(i.main) refers to stm32f10x_rcc.o(i.RCC_APB2PeriphClockCmd) for RCC_APB2PeriphClockCmd
    main.o(i.main) refers to stm32f10x_rcc.o(i.RCC_APB1PeriphClockCmd) for RCC_APB1PeriphClockCmd
    main.o(i.main) refers to stm32f10x_gpio.o(i.GPIO_Init) for GPIO_Init
    main.o(i.main) refers to stm32f10x_gpio.o(i.GPIO_PinRemapConfig) for GPIO_PinRemapConfig
    main.o(i.main) refers to stm32f10x_tim.o(i.TIM_TimeBaseInit) for TIM_TimeBaseInit
    main.o(i.main) refers to stm32f10x_tim.o(i.TIM_EncoderInterfaceConfig) for TIM_EncoderInterfaceConfig
    main.o(i.main) refers to stm32f10x_tim.o(i.TIM_ICStructInit) for TIM_ICStructInit
    main.o(i.main) refers to stm32f10x_tim.o(i.TIM_ICInit) for TIM_ICInit
    main.o(i.main) refers to stm32f10x_tim.o(i.TIM_Cmd) for TIM_Cmd
    main.o(i.main) refers to encoderr.o(i.Encoder_Init2) for Encoder_Init2
    main.o(i.main) refers to encoderr.o(i.Encoder_Start2) for Encoder_Start2
    main.o(i.main) refers to delay.o(i.delay_init) for delay_init
    main.o(i.main) refers to servo.o(i.TIM_PWM_Init) for TIM_PWM_Init
    main.o(i.main) refers to bsp_usart.o(i.USART_Config) for USART_Config
    main.o(i.main) refers to bsp_adc.o(i.ADCx_Init) for ADCx_Init
    main.o(i.main) refers to motor.o(i.tim_motor_init) for tim_motor_init
    main.o(i.main) refers to main.o(i.MY_TIM6_Init) for MY_TIM6_Init
    main.o(i.main) refers to fflt_clz.o(x$fpl$ffltu) for __aeabi_ui2f
    main.o(i.main) refers to fdiv.o(x$fpl$fdiv) for __aeabi_fdiv
    main.o(i.main) refers to f2d.o(x$fpl$f2d) for __aeabi_f2d
    main.o(i.main) refers to dmul.o(x$fpl$dmul) for __aeabi_dmul
    main.o(i.main) refers to d2f.o(x$fpl$d2f) for __aeabi_d2f
    main.o(i.main) refers to motor.o(i.motor_run) for motor_run
    main.o(i.main) refers to stm32f10x_tim.o(i.TIM_SetCompare1) for TIM_SetCompare1
    main.o(i.main) refers to stm32f10x_tim.o(i.TIM_SetCompare2) for TIM_SetCompare2
    main.o(i.main) refers to stm32f10x_tim.o(i.TIM_SetCompare3) for TIM_SetCompare3
    main.o(i.main) refers to drleqf.o(x$fpl$drleqf) for __aeabi_cdrcmple
    main.o(i.main) refers to faddsub_clz.o(x$fpl$fsub) for __aeabi_fsub
    main.o(i.main) refers to ffixu.o(x$fpl$ffixu) for __aeabi_f2uiz
    main.o(i.main) refers to delay.o(i.delay_ms) for delay_ms
    main.o(i.main) refers to daddsub_clz.o(x$fpl$dadd) for __aeabi_dadd
    main.o(i.main) refers to dfixu.o(x$fpl$dfixu) for __aeabi_d2uiz
    main.o(i.main) refers to bsp_adc.o(.bss) for ADC_ConvertedValue
    main.o(i.main) refers to main.o(.bss) for ADC_ConvertedValueLocal
    main.o(i.main) refers to main.o(.data) for p
    main.o(i.main) refers to daddsub_clz.o(x$fpl$dsub) for __aeabi_dsub
    main.o(i.main) refers to dleqf.o(x$fpl$dleqf) for __aeabi_cdcmple
    main.o(i.main) refers to fmul.o(x$fpl$fmul) for __aeabi_fmul
    main.o(i.main) refers to ddiv.o(x$fpl$ddiv) for __aeabi_ddiv
    main.o(i.main) refers to faddsub_clz.o(x$fpl$fadd) for __aeabi_fadd
    main.o(i.main) refers to main.o(i.asb) for asb
    main.o(i.main) refers to frleqf.o(x$fpl$frleqf) for __aeabi_cfrcmple
    main.o(i.main) refers to fleqf.o(x$fpl$fleqf) for __aeabi_cfcmple
    main.o(i.main) refers to daddsub_clz.o(x$fpl$drsb) for __aeabi_drsub
    main.o(i.main) refers to bsp_key.o(i.Key_Scan) for Key_Scan
    main.o(i.main) refers to main.o(i.Servo_open) for Servo_open
    main.o(i.main) refers to stm32f10x_tim.o(i.TIM_GetFlagStatus) for TIM_GetFlagStatus
    main.o(i.main) refers to encoderr.o(i.Get_Encoder2) for Get_Encoder2
    main.o(i.main) refers to encoderr.o(i.Encoder_Restart2) for Encoder_Restart2
    main.o(i.main) refers to stm32f10x_tim.o(i.TIM_ClearFlag) for TIM_ClearFlag
    main.o(i.main) refers to faddsub_clz.o(x$fpl$frsb) for __aeabi_frsub
    main.o(i.main) refers to fflt_clz.o(x$fpl$fflt) for __aeabi_i2f
    main.o(i.main) refers to ffix.o(x$fpl$ffix) for __aeabi_f2iz
[...]
    ../clib/angel/kernel.s                   0x00000000   Number         0  __rtentry2.o ABSOLUTE
    ../clib/angel/kernel.s                   0x00000000   Number         0  __rtentry.o ABSOLUTE
    ../clib/angel/kernel.s                   0x00000000   Number         0  rtexit2.o ABSOLUTE
    ../clib/angel/kernel.s                   0x00000000   Number         0  rtexit.o ABSOLUTE
    ../clib/angel/rt.s                       0x00000000   Number         0  rt_raise.o ABSOLUTE
    ../clib/angel/scatter.s                  0x00000000   Number         0  __scatter.o ABSOLUTE
    ../clib/angel/startup.s                  0x00000000   Number         0  __main.o ABSOLUTE
    ../clib/angel/sys.s                      0x00000000   Number         0  indicate_semi.o ABSOLUTE
    ../clib/angel/sys.s                      0x00000000   Number         0  use_no_semi.o ABSOLUTE
    ../clib/angel/sys.s                      0x00000000   Number         0  sys_stackheap_outer.o ABSOLUTE
    ../clib/angel/sys.s                      0x00000000   Number         0  libspace.o ABSOLUTE
    ../clib/angel/sysapp.c                   0x00000000   Number         0  sys_wrch.o ABSOLUTE
    ../clib/angel/sysapp.c                   0x00000000   Number         0  sys_command.o ABSOLUTE
    ../clib/angel/sysapp.c                   0x00000000   Number         0  sys_exit.o ABSOLUTE
    ../clib/armsys.c                         0x00000000   Number         0  _get_argv_nomalloc.o ABSOLUTE
    ../clib/armsys.c                         0x00000000   Number         0  argv_veneer.o ABSOLUTE
    ../clib/armsys.c                         0x00000000   Number         0  argv_veneer.o ABSOLUTE
    ../clib/armsys.c                         0x00000000   Number         0  no_argv.o ABSOLUTE
    ../clib/heapalloc.c                      0x00000000   Number         0  hrguard.o ABSOLUTE
    ../clib/heapaux.c                        0x00000000   Number         0  heapauxi.o ABSOLUTE
    ../clib/libinit.s                        0x00000000   Number         0  libshutdown.o ABSOLUTE
    ../clib/libinit.s                        0x00000000   Number         0  libinit2.o ABSOLUTE
    ../clib/libinit.s                        0x00000000   Number         0  libshutdown2.o ABSOLUTE
    ../clib/libinit.s                        0x00000000   Number         0  libinit.o ABSOLUTE
    ../clib/signal.c                         0x00000000   Number         0  defsig_abrt_inner.o ABSOLUTE
    ../clib/signal.c                         0x00000000   Number         0  defsig_general.o ABSOLUTE
    ../clib/signal.c                         0x00000000   Number         0  __raise.o ABSOLUTE
    ../clib/signal.c                         0x00000000   Number         0  defsig_rtmem_inner.o ABSOLUTE
    ../clib/signal.c                         0x00000000   Number         0  defsig_exit.o ABSOLUTE
    ../clib/signal.c                         0x00000000   Number         0  defsig_rtmem_formal.o ABSOLUTE
    ../clib/signal.c                         0x00000000   Number         0  defsig_rtmem_outer.o ABSOLUTE
    ../clib/signal.c                         0x00000000   Number         0  defsig_other.o ABSOLUTE
    ../clib/signal.c                         0x00000000   Number         0  defsig_segv_inner.o ABSOLUTE
    ../clib/signal.c                         0x00000000   Number         0  defsig_cppl_inner.o ABSOLUTE
    ../clib/signal.c                         0x00000000   Number         0  defsig_pvfn_inner.o ABSOLUTE
    ../clib/signal.c                         0x00000000   Number         0  defsig_stak_inner.o ABSOLUTE
    ../clib/signal.c                         0x00000000   Number         0  defsig_rtred_inner.o ABSOLUTE
    ../clib/signal.c                         0x00000000   Number         0  defsig_fpe_inner.o ABSOLUTE
    ../clib/signal.s                         0x00000000   Number         0  defsig.o ABSOLUTE
    ../clib/stdlib.c                         0x00000000   Number         0  exit.o ABSOLUTE
    ../fplib/d2f.s                           0x00000000   Number         0  d2f.o ABSOLUTE
    ../fplib/daddsub.s                       0x00000000   Number         0  daddsub_clz.o ABSOLUTE
    ../fplib/dcmpi.s                         0x00000000   Number         0  dcmpi.o ABSOLUTE
    ../fplib/ddiv.s                          0x00000000   Number         0  ddiv.o ABSOLUTE
    ../fplib/dfixu.s                         0x00000000   Number         0  dfixu.o ABSOLUTE
    ../fplib/dleqf.s                         0x00000000   Number         0  dleqf.o ABSOLUTE
    ../fplib/dmul.s                          0x00000000   Number         0  dmul.o ABSOLUTE
    ../fplib/dnaninf.s                       0x00000000   Number         0  dnaninf.o ABSOLUTE
    ../fplib/dretinf.s                       0x00000000   Number         0  dretinf.o ABSOLUTE
    ../fplib/drleqf.s                        0x00000000   Number         0  drleqf.o ABSOLUTE
    ../fplib/f2d.s                           0x00000000   Number         0  f2d.o ABSOLUTE
    ../fplib/faddsub.s                       0x00000000   Number         0  faddsub_clz.o ABSOLUTE
    ../fplib/fcmpi.s                         0x00000000   Number         0  fcmpi.o ABSOLUTE
    ../fplib/fdiv.s                          0x00000000   Number         0  fdiv.o ABSOLUTE
    ../fplib/ffix.s                          0x00000000   Number         0  ffix.o ABSOLUTE
    ../fplib/ffixu.s                         0x00000000   Number         0  ffixu.o ABSOLUTE
    ../fplib/fflt.s                          0x00000000   Number         0  fflt_clz.o ABSOLUTE
    ../fplib/fleqf.s                         0x00000000   Number         0  fleqf.o ABSOLUTE
    ../fplib/fmul.s                          0x00000000   Number         0  fmul.o ABSOLUTE
    ../fplib/fnaninf.s                       0x00000000   Number         0  fnaninf.o ABSOLUTE
    ../fplib/fpinit.s                        0x00000000   Number         0  fpinit.o ABSOLUTE
    ../fplib/fretinf.s                       0x00000000   Number         0  fretinf.o ABSOLUTE
    ../fplib/frleqf.s                        0x00000000   Number         0  frleqf.o ABSOLUTE
    ../fplib/usenofp.s                       0x00000000   Number         0  usenofp.o ABSOLUTE
    ..\App\src\main.c                        0x00000000   Number         0  main.o ABSOLUTE
    ..\App\src\stm32f10x_it.c                0x00000000   Number         0  stm32f10x_it.o ABSOLUTE
    ..\Board\src\EncoderL.c                  0x00000000   Number         0  encoderl.o ABSOLUTE
    ..\Board\src\EncoderR.c                  0x00000000   Number         0  encoderr.o ABSOLUTE
    ..\Board\src\bsp_adc.c                   0x00000000   Number         0  bsp_adc.o ABSOLUTE
    ..\Board\src\bsp_key.c                   0x00000000   Number         0  bsp_key.o ABSOLUTE
    ..\Board\src\bsp_usart.c                 0x00000000   Number         0  bsp_usart.o ABSOLUTE
    ..\Board\src\motor.c                     0x00000000   Number         0  motor.o ABSOLUTE
    ..\Board\src\oled.c                      0x00000000   Number         0  oled.o ABSOLUTE
    ..\CMSIS\startup\startup_stm32f10x_hd.s  0x00000000   Number         0  startup_stm32f10x_hd.o ABSOLUTE
    ..\CMSIS\system_stm32f10x.c              0x00000000   Number         0  system_stm32f10x.o ABSOLUTE
    ..\Libraries\src\misc.c                  0x00000000   Number         0  misc.o ABSOLUTE
    ..\Libraries\src\stm32f10x_adc.c         0x00000000   Number         0  stm32f10x_adc.o ABSOLUTE
    ..\Libraries\src\stm32f10x_bkp.c         0x00000000   Number         0  stm32f10x_bkp.o ABSOLUTE
    ..\Libraries\src\stm32f10x_can.c         0x00000000   Number         0  stm32f10x_can.o ABSOLUTE
    ..\Libraries\src\stm32f10x_cec.c         0x00000000   Number         0  stm32f10x_cec.o ABSOLUTE
    ..\Libraries\src\stm32f10x_crc.c         0x00000000   Number         0  stm32f10x_crc.o ABSOLUTE
    ..\Libraries\src\stm32f10x_dac.c         0x00000000   Number         0  stm32f10x_dac.o ABSOLUTE
    ..\Libraries\src\stm32f10x_dbgmcu.c      0x00000000   Number         0  stm32f10x_dbgmcu.o ABSOLUTE
    ..\Libraries\src\stm32f10x_dma.c         0x00000000   Number         0  stm32f10x_dma.o ABSOLUTE
    ..\Libraries\src\stm32f10x_exti.c        0x00000000   Number         0  stm32f10x_exti.o ABSOLUTE
    ..\Libraries\src\stm32f10x_flash.c       0x00000000   Number         0  stm32f10x_flash.o ABSOLUTE
    ..\Libraries\src\stm32f10x_fsmc.c        0x00000000   Number         0  stm32f10x_fsmc.o ABSOLUTE
    ..\Libraries\src\stm32f10x_gpio.c        0x00000000   Number         0  stm32f10x_gpio.o ABSOLUTE
    ..\Libraries\src\stm32f10x_i2c.c         0x00000000   Number         0  stm32f10x_i2c.o ABSOLUTE
    ..\Libraries\src\stm32f10x_iwdg.c        0x00000000   Number         0  stm32f10x_iwdg.o ABSOLUTE
    ..\Libraries\src\stm32f10x_pwr.c         0x00000000   Number         0  stm32f10x_pwr.o ABSOLUTE
    ..\Libraries\src\stm32f10x_rcc.c         0x00000000   Number         0  stm32f10x_rcc.o ABSOLUTE
    ..\Libraries\src\stm32f10x_rtc.c         0x00000000   Number         0  stm32f10x_rtc.o ABSOLUTE
    ..\Libraries\src\stm32f10x_sdio.c        0x00000000   Number         0  stm32f10x_sdio.o ABSOLUTE
    ..\Libraries\src\stm32f10x_spi.c         0x00000000   Number         0  stm32f10x_spi.o ABSOLUTE
    ..\Libraries\src\stm32f10x_tim.c         0x00000000   Number         0  stm32f10x_tim.o ABSOLUTE
    ..\Libraries\src\stm32f10x_usart.c       0x00000000   Number         0  stm32f10x_usart.o ABSOLUTE
    ..\Libraries\src\stm32f10x_wwdg.c        0x00000000   Number         0  stm32f10x_wwdg.o ABSOLUTE
    Objects\delay.c                          0x00000000   Number         0  delay.o ABSOLUTE
    Objects\servo.c                          0x00000000   Number         0  servo.o ABSOLUTE
    dc.s                                     0x00000000   Number         0  dc.o ABSOLUTE
    RESET                                    0x08000000   Section      304  startup_stm32f10x_hd.o(RESET)
    !!!main                                  0x08000130   Section        8  __main.o(!!!main)
    !!!scatter                               0x08000138   Section       52  __scatter.o(!!!scatter)
    !!handler_copy                           0x0800016c   Section       26  __scatter_copy.o(!!handler_copy)
    !!handler_zi                             0x08000188   Section       28  __scatter_zi.o(!!handler_zi)
    .ARM.Collect$$libinit$$00000000          0x080001a4   Section        2  libinit.o(.ARM.Collect$$libinit$$00000000)
    .ARM.Collect$$libinit$$00000002          0x080001a6   Section        0  libinit2.o(.ARM.Collect$$libinit$$00000002)
    .ARM.Collect$$libinit$$00000004          0x080001a6   Section        0  libinit2.o(.ARM.Collect$$libinit$$00000004)
    .ARM.Collect$$libinit$$0000000A          0x080001a6   Section        0  libinit2.o(.ARM.Collect$$libinit$$0000000A)
    .ARM.Collect$$libinit$$0000000C          0x080001a6   Section        0  libinit2.o(.ARM.Collect$$libinit$$0000000C)
    .ARM.Collect$$libinit$$0000000E          0x080001a6   Section        0  libinit2.o(.ARM.Collect$$libinit$$0000000E)
    .ARM.Collect$$libinit$$00000011          0x080001a6   Section        0  libinit2.o(.ARM.Collect$$libinit$$00000011)
    .ARM.Collect$$libinit$$00000013          0x080001a6   Section        0  libinit2.o(.ARM.Collect$$libinit$$00000013)
    .ARM.Collect$$libinit$$00000015          0x080001a6   Section        0  libinit2.o(.ARM.Collect$$libinit$$00000015)
    .ARM.Collect$$libinit$$00000017          0x080001a6   Section        0  libinit2.o(.ARM.Collect$$libinit$$00000017)
    .ARM.Collect$$libinit$$00000019          0x080001a6   Section        0  libinit2.o(.ARM.Collect$$libinit$$00000019)
    .ARM.Collect$$libinit$$0000001B          0x080001a6   Section        0  libinit2.o(.ARM.Collect$$libinit$$0000001B)
    .ARM.Collect$$libinit$$0000001D          0x080001a6   Section        0  libinit2.o(.ARM.Collect$$libinit$$0000001D)
    .ARM.Collect$$libinit$$0000001F          0x080001a6   Section        0  libinit2.o(.ARM.Collect$$libinit$$0000001F)
    .ARM.Collect$$libinit$$00000021          0x080001a6   Section        0  libinit2.o(.ARM.Collect$$libinit$$00000021)
    .ARM.Collect$$libinit$$00000023          0x080001a6   Section        0  libinit2.o(.ARM.Collect$$libinit$$00000023)
    .ARM.Collect$$libinit$$00000025          0x080001a6   Section        0  libinit2.o(.ARM.Collect$$libinit$$00000025)
    .ARM.Collect$$libinit$$0000002C          0x080001a6   Section        0  libinit2.o(.ARM.Collect$$libinit$$0000002C)
    .ARM.Collect$$libinit$$0000002E          0x080001a6   Section        0  libinit2.o(.ARM.Collect$$libinit$$0000002E)
    .ARM.Collect$$libinit$$00000030          0x080001a6   Section        0  libinit2.o(.ARM.Collect$$libinit$$00000030)
    .ARM.Collect$$libinit$$00000032          0x080001a6   Section        0  libinit2.o(.ARM.Collect$$libinit$$00000032)
    .ARM.Collect$$libinit$$00000033          0x080001a6   Section        2  libinit2.o(.ARM.Collect$$libinit$$00000033)
    .ARM.Collect$$libshutdown$$00000000      0x080001a8   Section        2  libshutdown.o(.ARM.Collect$$libshutdown$$00000000)
    .ARM.Collect$$libshutdown$$00000002      0x080001aa   Section        0  libshutdown2.o(.ARM.Collect$$libshutdown$$00000002)
    .ARM.Collect$$libshutdown$$00000004      0x080001aa   Section        0  libshutdown2.o(.ARM.Collect$$libshutdown$$00000004)
    .ARM.Collect$$libshutdown$$00000007      0x080001aa   Section        0  libshutdown2.o(.ARM.Collect$$libshutdown$$00000007)
    .ARM.Collect$$libshutdown$$0000000A      0x080001aa   Section        0  libshutdown2.o(.ARM.Collect$$libshutdown$$0000000A)
    .ARM.Collect$$libshutdown$$0000000C      0x080001aa   Section        0  libshutdown2.o(.ARM.Collect$$libshutdown$$0000000C)
    .ARM.Collect$$libshutdown$$0000000F      0x080001aa   Section        0  libshutdown2.o(.ARM.Collect$$libshutdown$$0000000F)
    .ARM.Collect$$libshutdown$$00000010      0x080001aa   Section        2  libshutdown2.o(.ARM.Collect$$libshutdown$$00000010)
    .ARM.Collect$$rtentry$$00000000          0x080001ac   Section        0  __rtentry.o(.ARM.Collect$$rtentry$$00000000)
    .ARM.Collect$$rtentry$$00000002          0x080001ac   Section        0  __rtentry2.o(.ARM.Collect$$rtentry$$00000002)
    .ARM.Collect$$rtentry$$00000004          0x080001ac   Section        6  __rtentry4.o(.ARM.Collect$$rtentry$$00000004)
    .ARM.Collect$$rtentry$$00000009          0x080001b2   Section        0  __rtentry2.o(.ARM.Collect$$rtentry$$00000009)
    .ARM.Collect$$rtentry$$0000000A          0x080001b2   Section        4  __rtentry2.o(.ARM.Collect$$rtentry$$0000000A)
    .ARM.Collect$$rtentry$$0000000C          0x080001b6   Section        0  __rtentry2.o(.ARM.Collect$$rtentry$$0000000C)
    .ARM.Collect$$rtentry$$0000000D          0x080001b6   Section        8  __rtentry2.o(.ARM.Collect$$rtentry$$0000000D)
    .ARM.Collect$$rtexit$$00000000           0x080001be   Section        2  rtexit.o(.ARM.Collect$$rtexit$$00000000)
    .ARM.Collect$$rtexit$$00000002           0x080001c0   Section        0  rtexit2.o(.ARM.Collect$$rtexit$$00000002)
    .ARM.Collect$$rtexit$$00000003           0x080001c0   Section        4  rtexit2.o(.ARM.Collect$$rtexit$$00000003)
    .ARM.Collect$$rtexit$$00000004           0x080001c4   Section        6  rtexit2.o(.ARM.Collect$$rtexit$$00000004)
    .text                                    0x080001cc   Section       64  startup_stm32f10x_hd.o(.text)
    .text                                    0x0800020c   Section        0  heapauxi.o(.text)
    .text                                    0x08000212   Section       74  sys_stackheap_outer.o(.text)
    .text                                    0x0800025c   Section        0  exit.o(.text)
    .text                                    0x08000270   Section        8  libspace.o(.text)
    .text                                    0x08000278   Section        0  sys_exit.o(.text)
    .text                                    0x08000284   Section        2  use_no_semi.o(.text)
    .text                                    0x08000286   Section        0  indicate_semi.o(.text)
    i.ADC_Cmd                                0x08000286   Section        0  stm32f10x_adc.o(i.ADC_Cmd)
    i.ADC_DMACmd                             0x0800029c   Section        0  stm32f10x_adc.o(i.ADC_DMACmd)
    i.ADC_GetCalibrationStatus               0x080002b2   Section        0  stm32f10x_adc.o(i.ADC_GetCalibrationStatus)
    i.ADC_GetResetCalibrationStatus          0x080002c6   Section        0  stm32f10x_adc.o(i.ADC_GetResetCalibrationStatus)
    i.ADC_Init                               0x080002dc   Section        0  stm32f10x_adc.o(i.ADC_Init)
    i.ADC_RegularChannelConfig               0x0800032c   Section        0  stm32f10x_adc.o(i.ADC_RegularChannelConfig)
    i.ADC_ResetCalibration                   0x080003e4   Section        0  stm32f10x_adc.o(i.ADC_ResetCalibration)
    i.ADC_SoftwareStartConvCmd               0x080003ee   Section        0  stm32f10x_adc.o(i.ADC_SoftwareStartConvCmd)
    i.ADC_StartCalibration                   0x08000404   Section        0  stm32f10x_adc.o(i.ADC_StartCalibration)
    i.ADCx_GPIO_Config                       0x08000410   Section        0  bsp_adc.o(i.ADCx_GPIO_Config)
    ADCx_GPIO_Config                         0x08000411   Thumb Code    62  bsp_adc.o(i.ADCx_GPIO_Config)
    i.ADCx_Init                              0x08000454   Section        0  bsp_adc.o(i.ADCx_Init)
    i.ADCx_Mode_Config                       0x08000460   Section        0  bsp_adc.o(i.ADCx_Mode_Config)
    ADCx_Mode_Config                         0x08000461   Thumb Code   282  bsp_adc.o(i.ADCx_Mode_Config)
    i.BusFault_Handler                       0x08000588   Section        0  stm32f10x_it.o(i.BusFault_Handler)
    i.DMA_Cmd                                0x0800058c   Section        0  stm32f10x_dma.o(i.DMA_Cmd)
    i.DMA_DeInit                             0x080005a4   Section        0  stm32f10x_dma.o(i.DMA_DeInit)
    i.DMA_Init                               0x080006f0   Section        0  stm32f10x_dma.o(i.DMA_Init)
    i.DebugMon_Handler                       0x0800072c   Section        0  stm32f10x_it.o(i.DebugMon_Handler)
    i.Encoder_Close2                         0x08000730   Section        0  encoderr.o(i.Encoder_Close2)
    i.Encoder_Init2                          0x08000740   Section        0  encoderr.o(i.Encoder_Init2)
    i.Encoder_Restart2                       0x080007cc   Section        0  encoderr.o(i.Encoder_Restart2)
    i.Encoder_Start2                         0x080007d8   Section        0  encoderr.o(i.Encoder_Start2)
    i.GPIO_Init                              0x080007e8   Section        0  stm32f10x_gpio.o(i.GPIO_Init)
    i.GPIO_PinRemapConfig                    0x08000900   Section        0  stm32f10x_gpio.o(i.GPIO_PinRemapConfig)
    i.GPIO_ReadInputDataBit                  0x08000990   Section        0  stm32f10x_gpio.o(i.GPIO_ReadInputDataBit)
    i.GPIO_ResetBits                         0x080009a2   Section        0  stm32f10x_gpio.o(i.GPIO_ResetBits)
    i.GPIO_SetBits                           0x080009a6   Section        0  stm32f10x_gpio.o(i.GPIO_SetBits)
    i.Get_Encoder2                           0x080009ac   Section        0  encoderr.o(i.Get_Encoder2)
    i.HardFault_Handler                      0x080009b8   Section        0  stm32f10x_it.o(i.HardFault_Handler)
    i.IIC_sendbyte                           0x080009bc   Section        0  oled.o(i.IIC_sendbyte)
    i.IIC_start                              0x08000a04   Section        0  oled.o(i.IIC_start)
    i.IIC_stop                               0x08000a2c   Section        0  oled.o(i.IIC_stop)
    i.IIC_waitack                            0x08000a54   Section        0  oled.o(i.IIC_waitack)
    i.IIC_writedata                          0x08000a6c   Section        0  oled.o(i.IIC_writedata)
    i.Key_GPIO_Config                        0x08000aa4   Section        0  bsp_key.o(i.Key_GPIO_Config)
    i.Key_Scan                               0x08000acc   Section        0  bsp_key.o(i.Key_Scan)
    i.MY_TIM6_Init                           0x08000ae4   Section        0  main.o(i.MY_TIM6_Init)
    i.MemManage_Handler                      0x08000b1c   Section        0  stm32f10x_it.o(i.MemManage_Handler)
    i.NMI_Handler                            0x08000b20   Section        0  stm32f10x_it.o(i.NMI_Handler)
    i.NVIC_Configuration                     0x08000b22   Section        0  bsp_usart.o(i.NVIC_Configuration)
    NVIC_Configuration                       0x08000b23   Thumb Code    38  bsp_usart.o(i.NVIC_Configuration)
    i.NVIC_Init                              0x08000b48   Section        0  misc.o(i.NVIC_Init)
    i.NVIC_PriorityGroupConfig               0x08000bb8   Section        0  misc.o(i.NVIC_PriorityGroupConfig)
    i.OLED_clear                             0x08000bcc   Section        0  oled.o(i.OLED_clear)
    i.OLED_init                              0x08000c08   Section        0  oled.o(i.OLED_init)
    i.PendSV_Handler                         0x08000d1c   Section        0  stm32f10x_it.o(i.PendSV_Handler)
    i.RCC_ADCCLKConfig                       0x08000d20   Section        0  stm32f10x_rcc.o(i.RCC_ADCCLKConfig)
    i.RCC_AHBPeriphClockCmd                  0x08000d38   Section        0  stm32f10x_rcc.o(i.RCC_AHBPeriphClockCmd)
    i.RCC_APB1PeriphClockCmd                 0x08000d58   Section        0  stm32f10x_rcc.o(i.RCC_APB1PeriphClockCmd)
    i.RCC_APB2PeriphClockCmd                 0x08000d78   Section        0  stm32f10x_rcc.o(i.RCC_APB2PeriphClockCmd)
    i.RCC_GetClocksFreq                      0x08000d98   Section        0  stm32f10x_rcc.o(i.RCC_GetClocksFreq)
    i.SVC_Handler                            0x08000e6c   Section        0  stm32f10x_it.o(i.SVC_Handler)
    i.Servo_open                             0x08000e70   Section        0  main.o(i.Servo_open)
    i.SetSysClock                            0x08000eb4   Section        0  system_stm32f10x.o(i.SetSysClock)
    SetSysClock                              0x08000eb5   Thumb Code     8  system_stm32f10x.o(i.SetSysClock)
    i.SetSysClockTo72                        0x08000ebc   Section        0  system_stm32f10x.o(i.SetSysClockTo72)
    SetSysClockTo72                          0x08000ebd   Thumb Code   214  system_stm32f10x.o(i.SetSysClockTo72)
    i.SysTick_CLKSourceConfig                0x08000f9c   Section        0  misc.o(i.SysTick_CLKSourceConfig)
    i.SysTick_Handler                        0x08000fc4   Section        0  stm32f10x_it.o(i.SysTick_Handler)
    i.SystemInit                             0x08000fc8   Section        0  system_stm32f10x.o(i.SystemInit)
    i.TI1_Config                             0x08001028   Section        0  stm32f10x_tim.o(i.TI1_Config)
    TI1_Config                               0x08001029   Thumb Code   108  stm32f10x_tim.o(i.TI1_Config)
    i.TI2_Config                             0x080010a8   Section        0  stm32f10x_tim.o(i.TI2_Config)
    TI2_Config                               0x080010a9   Thumb Code   130  stm32f10x_tim.o(i.TI2_Config)
    i.TI3_Config                             0x08001140   Section        0  stm32f10x_tim.o(i.TI3_Config)
    TI3_Config                               0x08001141   Thumb Code   122  stm32f10x_tim.o(i.TI3_Config)
    i.TI4_Config                             0x080011d0   Section        0  stm32f10x_tim.o(i.TI4_Config)
    TI4_Config                               0x080011d1   Thumb Code   130  stm32f10x_tim.o(i.TI4_Config)
    i.TIM_ARRPreloadConfig                   0x08001268   Section        0  stm32f10x_tim.o(i.TIM_ARRPreloadConfig)
    i.TIM_ClearFlag                          0x08001280   Section        0  stm32f10x_tim.o(i.TIM_ClearFlag)
    i.TIM_Cmd                                0x08001286   Section        0  stm32f10x_tim.o(i.TIM_Cmd)
    i.TIM_CtrlPWMOutputs                     0x0800129e   Section        0  stm32f10x_tim.o(i.TIM_CtrlPWMOutputs)
    i.TIM_EncoderInterfaceConfig             0x080012bc   Section        0  stm32f10x_tim.o(i.TIM_EncoderInterfaceConfig)
    i.TIM_GetFlagStatus                      0x080012fe   Section        0  stm32f10x_tim.o(i.TIM_GetFlagStatus)
    i.TIM_ICInit                             0x08001310   Section        0  stm32f10x_tim.o(i.TIM_ICInit)
    i.TIM_ICStructInit                       0x080013bc   Section        0  stm32f10x_tim.o(i.TIM_ICStructInit)
    i.TIM_OC1Init                            0x080013d0   Section        0  stm32f10x_tim.o(i.TIM_OC1Init)
    i.TIM_OC1PreloadConfig                   0x08001468   Section        0  stm32f10x_tim.o(i.TIM_OC1PreloadConfig)
    i.TIM_OC2Init                            0x0800147c   Section        0  stm32f10x_tim.o(i.TIM_OC2Init)
    i.TIM_OC2PreloadConfig                   0x08001520   Section        0  stm32f10x_tim.o(i.TIM_OC2PreloadConfig)
    i.TIM_OC3Init                            0x0800153c   Section        0  stm32f10x_tim.o(i.TIM_OC3Init)
    i.TIM_OC3PreloadConfig                   0x080015dc   Section        0  stm32f10x_tim.o(i.TIM_OC3PreloadConfig)
    i.TIM_OC4Init                            0x080015f0   Section        0  stm32f10x_tim.o(i.TIM_OC4Init)
    i.TIM_OC4PreloadConfig                   0x0800166c   Section        0  stm32f10x_tim.o(i.TIM_OC4PreloadConfig)
    i.TIM_PWM_Init                           0x08001688   Section        0  servo.o(i.TIM_PWM_Init)
    i.TIM_SetCompare1                        0x08001740   Section        0  stm32f10x_tim.o(i.TIM_SetCompare1)
    i.TIM_SetCompare2                        0x08001744   Section        0  stm32f10x_tim.o(i.TIM_SetCompare2)
    i.TIM_SetCompare3                        0x08001748   Section        0  stm32f10x_tim.o(i.TIM_SetCompare3)
    i.TIM_SetCompare4                        0x0800174c   Section        0  stm32f10x_tim.o(i.TIM_SetCompare4)
    i.TIM_SetIC1Prescaler                    0x08001752   Section        0  stm32f10x_tim.o(i.TIM_SetIC1Prescaler)
    i.TIM_SetIC2Prescaler                    0x08001764   Section        0  stm32f10x_tim.o(i.TIM_SetIC2Prescaler)
    i.TIM_SetIC3Prescaler                    0x0800177e   Section        0  stm32f10x_tim.o(i.TIM_SetIC3Prescaler)
    i.TIM_SetIC4Prescaler                    0x08001790   Section        0  stm32f10x_tim.o(i.TIM_SetIC4Prescaler)
    i.TIM_TimeBaseInit                       0x080017ac   Section        0  stm32f10x_tim.o(i.TIM_TimeBaseInit)
    i.USART_Cmd                              0x08001850   Section        0  stm32f10x_usart.o(i.USART_Cmd)
    i.USART_Config                           0x08001868   Section        0  bsp_usart.o(i.USART_Config)
    i.USART_ITConfig                         0x080018f8   Section        0  stm32f10x_usart.o(i.USART_ITConfig)
    i.USART_Init                             0x08001944   Section        0  stm32f10x_usart.o(i.USART_Init)
    i.UsageFault_Handler                     0x08001a1c   Section        0  stm32f10x_it.o(i.UsageFault_Handler)
    i.asb                                    0x08001a20   Section        0  main.o(i.asb)
    i.delay_init                             0x08001a38   Section        0  delay.o(i.delay_init)
    i.delay_ms                               0x08001a7c   Section        0  delay.o(i.delay_ms)
    i.main                                   0x08001ac8   Section        0  main.o(i.main)
    i.motor_run                              0x08002840   Section        0  motor.o(i.motor_run)
    i.tim_motor_init                         0x0800288c   Section        0  motor.o(i.tim_motor_init)
    x$fpl$d2f                                0x08002970   Section       98  d2f.o(x$fpl$d2f)
    x$fpl$dadd                               0x080029d4   Section      336  daddsub_clz.o(x$fpl$dadd)
    _dadd1                                   0x080029e5   Thumb Code     0  daddsub_clz.o(x$fpl$dadd)
    x$fpl$dcmpinf                            0x08002b24   Section       24  dcmpi.o(x$fpl$dcmpinf)
    x$fpl$ddiv                               0x08002b3c   Section      688  ddiv.o(x$fpl$ddiv)
    ddiv_entry                               0x08002b43   Thumb Code     0  ddiv.o(x$fpl$ddiv)
    x$fpl$dfixu                              0x08002dec   Section       90  dfixu.o(x$fpl$dfixu)
    x$fpl$dleqf                              0x08002e48   Section      120  dleqf.o(x$fpl$dleqf)
    x$fpl$dmul                               0x08002ec0   Section      340  dmul.o(x$fpl$dmul)
    x$fpl$dnaninf                            0x08003014   Section      156  dnaninf.o(x$fpl$dnaninf)
    x$fpl$dretinf                            0x080030b0   Section       12  dretinf.o(x$fpl$dretinf)
    x$fpl$drleqf                             0x080030bc   Section      108  drleqf.o(x$fpl$drleqf)
    x$fpl$drsb                               0x08003128   Section       22  daddsub_clz.o(x$fpl$drsb)
    x$fpl$dsub                               0x08003140   Section      468  daddsub_clz.o(x$fpl$dsub)
    _dsub1                                   0x08003151   Thumb Code     0  daddsub_clz.o(x$fpl$dsub)
    x$fpl$f2d                                0x08003314   Section       86  f2d.o(x$fpl$f2d)
    x$fpl$fadd                               0x0800336c   Section      196  faddsub_clz.o(x$fpl$fadd)
    _fadd1                                   0x0800337b   Thumb Code     0  faddsub_clz.o(x$fpl$fadd)
    x$fpl$fcmpinf                            0x08003430   Section       24  fcmpi.o(x$fpl$fcmpinf)
    x$fpl$fdiv                               0x08003448   Section      388  fdiv.o(x$fpl$fdiv)
    _fdiv1                                   0x08003449   Thumb Code     0  fdiv.o(x$fpl$fdiv)
    x$fpl$ffix                               0x080035cc   Section       54  ffix.o(x$fpl$ffix)
    x$fpl$ffixu                              0x08003604   Section       62  ffixu.o(x$fpl$ffixu)
    x$fpl$fflt                               0x08003644   Section       48  fflt_clz.o(x$fpl$fflt)
    x$fpl$ffltu                              0x08003674   Section       38  fflt_clz.o(x$fpl$ffltu)
    x$fpl$fleqf                              0x0800369c   Section      104  fleqf.o(x$fpl$fleqf)
    x$fpl$fmul                               0x08003704   Section      258  fmul.o(x$fpl$fmul)
    x$fpl$fnaninf                            0x08003806   Section      140  fnaninf.o(x$fpl$fnaninf)
    x$fpl$fretinf                            0x08003892   Section       10  fretinf.o(x$fpl$fretinf)
    x$fpl$frleqf                             0x0800389c   Section       98  frleqf.o(x$fpl$frleqf)
    x$fpl$frsb                               0x080038fe   Section       20  faddsub_clz.o(x$fpl$frsb)
    x$fpl$fsub                               0x08003914   Section      234  faddsub_clz.o(x$fpl$fsub)
    _fsub1                                   0x08003923   Thumb Code     0  faddsub_clz.o(x$fpl$fsub)
    x$fpl$usenofp                            0x080039fe   Section        0  usenofp.o(x$fpl$usenofp)
    .data                                    0x20000000   Section       48  main.o(.data)
    .data                                    0x20000030   Section        4  delay.o(.data)
    fac_us                                   0x20000030   Data           1  delay.o(.data)
    fac_ms                                   0x20000032   Data           2  delay.o(.data)
    .data                                    0x20000034   Section       20  system_stm32f10x.o(.data)
    .data                                    0x20000048   Section       20  stm32f10x_rcc.o(.data)
    APBAHBPrescTable                         0x20000048   Data          16  stm32f10x_rcc.o(.data)
    ADCPrescTable                            0x20000058   Data           4  stm32f10x_rcc.o(.data)
    .bss                                     0x2000005c   Section       20  main.o(.bss)
    .bss                                     0x20000070   Section       10  bsp_adc.o(.bss)
    .bss                                     0x2000007c   Section       96  libspace.o(.bss)
    HEAP                                     0x200000e0   Section      512  startup_stm32f10x_hd.o(HEAP)
    Heap_Mem                                 0x200000e0   Data         512  startup_stm32f10x_hd.o(HEAP)
    STACK                                    0x200002e0   Section     1024  startup_stm32f10x_hd.o(STACK)
    Stack_Mem                                0x200002e0   Data        1024  startup_stm32f10x_hd.o(STACK)
    __initial_sp                             0x200006e0   Data           0  startup_stm32f10x_hd.o(STACK)

    Global Symbols

    Symbol Name                              Value     Ov Type        Size  Object(Section)

    BuildAttributes$$THM_ISAv4$P$D$K$B$S$PE$A:L22UL41UL21$X:L11$S22US41US21$IEEE1$IW$USESV6$~STKCKD$USESV7$~SHL$OSPACE$ROPI$EBA8$UX$STANDARDLIB$REQ8$PRES8$EABIv2 0x00000000   Number         0  anon$$obj.o ABSOLUTE
    __ARM_use_no_argv                        0x00000000   Number         0  main.o ABSOLUTE
    __ARM_exceptions_init                     - Undefined Weak Reference
    __alloca_initialize                       - Undefined Weak Reference
    __arm_preinit_                            - Undefined Weak Reference
    __cpp_initialize__aeabi_                  - Undefined Weak Reference
    __cxa_finalize                            - Undefined Weak Reference
    __rt_locale                               - Undefined Weak Reference
    __sigvec_lookup                           - Undefined Weak Reference
    _atexit_init                              - Undefined Weak Reference
    _call_atexit_fns                          - Undefined Weak Reference
    _clock_init                               - Undefined Weak Reference
    _fp_trap_init                             - Undefined Weak Reference
    _fp_trap_shutdown                         - Undefined Weak Reference
    _get_lc_collate                           - Undefined Weak Reference
    _get_lc_ctype                             - Undefined Weak Reference
    _get_lc_monetary                          - Undefined Weak Reference
    _get_lc_numeric                           - Undefined Weak Reference
    _get_lc_time                              - Undefined Weak Reference
    _getenv_init                              - Undefined Weak Reference
    _handle_redirection                       - Undefined Weak Reference
    _init_alloc                               - Undefined Weak Reference
    _init_user_alloc                          - Undefined Weak Reference
    _initio                                   - Undefined Weak Reference
    _rand_init                                - Undefined Weak Reference
    _signal_finish                            - Undefined Weak Reference
    _signal_init                              - Undefined Weak Reference
    _terminate_alloc                          - Undefined Weak Reference
    _terminate_user_alloc                     - Undefined Weak Reference
    _terminateio                              - Undefined Weak Reference
    __Vectors_Size                           0x00000130   Number         0  startup_stm32f10x_hd.o ABSOLUTE
    __Vectors                                0x08000000   Data           4  startup_stm32f10x_hd.o(RESET)
    __Vectors_End                            0x08000130   Data           0  startup_stm32f10x_hd.o(RESET)
    __main                                   0x08000131   Thumb Code     8  __main.o(!!!main)
    __scatterload                            0x08000139   Thumb Code     0  __scatter.o(!!!scatter)
    __scatterload_rt2                        0x08000139   Thumb Code    44  __scatter.o(!!!scatter)
    __scatterload_rt2_thumb_only             0x08000139   Thumb Code     0  __scatter.o(!!!scatter)
    __scatterload_null                       0x08000147   Thumb Code     0  __scatter.o(!!!scatter)
    __scatterload_copy                       0x0800016d   Thumb Code    26  __scatter_copy.o(!!handler_copy)
    __scatterload_zeroinit                   0x08000189   Thumb Code    28  __scatter_zi.o(!!handler_zi)
    __rt_lib_init                            0x080001a5   Thumb Code     0  libinit.o(.ARM.Collect$$libinit$$00000000)
    __rt_lib_init_alloca_1                   0x080001a7   Thumb Code     0  libinit2.o(.ARM.Collect$$libinit$$0000002E)
    __rt_lib_init_argv_1                     0x080001a7   Thumb Code     0  libinit2.o(.ARM.Collect$$libinit$$0000002C)
    __rt_lib_init_atexit_1                   0x080001a7   Thumb Code     0  libinit2.o(.ARM.Collect$$libinit$$0000001B)
    __rt_lib_init_clock_1                    0x080001a7   Thumb Code     0  libinit2.o(.ARM.Collect$$libinit$$00000021)
    __rt_lib_init_cpp_1                      0x080001a7   Thumb Code     0  libinit2.o(.ARM.Collect$$libinit$$00000032)
    __rt_lib_init_exceptions_1               0x080001a7   Thumb Code     0  libinit2.o(.ARM.Collect$$libinit$$00000030)
    __rt_lib_init_fp_1                       0x080001a7   Thumb Code     0  libinit2.o(.ARM.Collect$$libinit$$00000002)
    __rt_lib_init_fp_trap_1                  0x080001a7   Thumb Code     0  libinit2.o(.ARM.Collect$$libinit$$0000001F)
    __rt_lib_init_getenv_1                   0x080001a7   Thumb Code     0  libinit2.o(.ARM.Collect$$libinit$$00000023)
    __rt_lib_init_heap_1                     0x080001a7   Thumb Code     0  libinit2.o(.ARM.Collect$$libinit$$0000000A)
    __rt_lib_init_lc_collate_1               0x080001a7   Thumb Code     0  libinit2.o(.ARM.Collect$$libinit$$00000011)
    __rt_lib_init_lc_ctype_1                 0x080001a7   Thumb Code     0  libinit2.o(.ARM.Collect$$libinit$$00000013)
    __rt_lib_init_lc_monetary_1              0x080001a7   Thumb Code     0  libinit2.o(.ARM.Collect$$libinit$$00000015)
    __rt_lib_init_lc_numeric_1               0x080001a7   Thumb Code     0  libinit2.o(.ARM.Collect$$libinit$$00000017)
    __rt_lib_init_lc_time_1                  0x080001a7   Thumb Code     0  libinit2.o(.ARM.Collect$$libinit$$00000019)
    __rt_lib_init_preinit_1                  0x080001a7   Thumb Code     0  libinit2.o(.ARM.Collect$$libinit$$00000004)
    __rt_lib_init_rand_1                     0x080001a7   Thumb Code     0  libinit2.o(.ARM.Collect$$libinit$$0000000E)
    __rt_lib_init_return                     0x080001a7   Thumb Code     0  libinit2.o(.ARM.Collect$$libinit$$00000033)
    __rt_lib_init_signal_1                   0x080001a7   Thumb Code     0  libinit2.o(.ARM.Collect$$libinit$$0000001D)
    __rt_lib_init_stdio_1                    0x080001a7   Thumb Code     0  libinit2.o(.ARM.Collect$$libinit$$00000025)
    __rt_lib_init_user_alloc_1               0x080001a7   Thumb Code     0  libinit2.o(.ARM.Collect$$libinit$$0000000C)
    __rt_lib_shutdown                        0x080001a9   Thumb Code     0  libshutdown.o(.ARM.Collect$$libshutdown$$00000000)
    __rt_lib_shutdown_cpp_1                  0x080001ab   Thumb Code     0  libshutdown2.o(.ARM.Collect$$libshutdown$$00000002)
    __rt_lib_shutdown_fp_trap_1              0x080001ab   Thumb Code     0  libshutdown2.o(.ARM.Collect$$libshutdown$$00000007)
    __rt_lib_shutdown_heap_1                 0x080001ab   Thumb Code     0  libshutdown2.o(.ARM.Collect$$libshutdown$$0000000F)
    __rt_lib_shutdown_return                 0x080001ab   Thumb Code     0  libshutdown2.o(.ARM.Collect$$libshutdown$$00000010)
    __rt_lib_shutdown_signal_1               0x080001ab   Thumb Code     0  libshutdown2.o(.ARM.Collect$$libshutdown$$0000000A)
    __rt_lib_shutdown_stdio_1                0x080001ab   Thumb Code     0  libshutdown2.o(.ARM.Collect$$libshutdown$$00000004)
    __rt_lib_shutdown_user_alloc_1           0x080001ab   Thumb Code     0  libshutdown2.o(.ARM.Collect$$libshutdown$$0000000C)
    __rt_entry                               0x080001ad   Thumb Code     0  __rtentry.o(.ARM.Collect$$rtentry$$00000000)
    __rt_entry_presh_1                       0x080001ad   Thumb Code     0  __rtentry2.o(.ARM.Collect$$rtentry$$00000002)
    __rt_entry_sh                            0x080001ad   Thumb Code     0  __rtentry4.o(.ARM.Collect$$rtentry$$00000004)
    __rt_entry_li                            0x080001b3   Thumb Code     0  __rtentry2.o(.ARM.Collect$$rtentry$$0000000A)
    __rt_entry_postsh_1                      0x080001b3   Thumb Code     0  __rtentry2.o(.ARM.Collect$$rtentry$$00000009)
    __rt_entry_main                          0x080001b7   Thumb Code     0  __rtentry2.o(.ARM.Collect$$rtentry$$0000000D)
    __rt_entry_postli_1                      0x080001b7   Thumb Code     0  __rtentry2.o(.ARM.Collect$$rtentry$$0000000C)
    __rt_exit                                0x080001bf   Thumb Code     0  rtexit.o(.ARM.Collect$$rtexit$$00000000)
    __rt_exit_ls                             0x080001c1   Thumb Code     0  rtexit2.o(.ARM.Collect$$rtexit$$00000003)
    __rt_exit_prels_1                        0x080001c1   Thumb Code     0  rtexit2.o(.ARM.Collect$$rtexit$$00000002)
    __rt_exit_exit                           0x080001c5   Thumb Code     0  rtexit2.o(.ARM.Collect$$rtexit$$00000004)
    Reset_Handler                            0x080001cd   Thumb Code     8  startup_stm32f10x_hd.o(.text)
    ADC1_2_IRQHandler                        0x080001e7   Thumb Code     0  startup_stm32f10x_hd.o(.text)
    ADC3_IRQHandler                          0x080001e7   Thumb Code     0  startup_stm32f10x_hd.o(.text)
    CAN1_RX1_IRQHandler                      0x080001e7   Thumb Code     0  startup_stm32f10x_hd.o(.text)
    CAN1_SCE_IRQHandler                      0x080001e7   Thumb Code     0  startup_stm32f10x_hd.o(.text)
    DMA1_Channel1_IRQHandler                 0x080001e7   Thumb Code     0  startup_stm32f10x_hd.o(.text)
    DMA1_Channel2_IRQHandler                 0x080001e7   Thumb Code     0  startup_stm32f10x_hd.o(.text)
    DMA1_Channel3_IRQHandler                 0x080001e7   Thumb Code     0  startup_stm32f10x_hd.o(.text)
    DMA1_Channel4_IRQHandler                 0x080001e7   Thumb Code     0  startup_stm32f10x_hd.o(.text)
    DMA1_Channel5_IRQHandler                 0x080001e7   Thumb Code     0  startup_stm32f10x_hd.o(.text)
    DMA1_Channel6_IRQHandler                 0x080001e7   Thumb Code     0  startup_stm32f10x_hd.o(.text)
    DMA1_Channel7_IRQHandler                 0x080001e7   Thumb Code     0  startup_stm32f10x_hd.o(.text)
    DMA2_Channel1_IRQHandler                 0x080001e7   Thumb Code     0  startup_stm32f10x_hd.o(.text)
    DMA2_Channel2_IRQHandler                 0x080001e7   Thumb Code     0  startup_stm32f10x_hd.o(.text)
    DMA2_Channel3_IRQHandler                 0x080001e7   Thumb Code     0  startup_stm32f10x_hd.o(.text)
    DMA2_Channel4_5_IRQHandler               0x080001e7   Thumb Code     0  startup_stm32f10x_hd.o(.text)
    EXTI0_IRQHandler                         0x080001e7   Thumb Code     0  startup_stm32f10x_hd.o(.text)
    EXTI15_10_IRQHandler                     0x080001e7   Thumb Code     0  startup_stm32f10x_hd.o(.text)
    EXTI1_IRQHandler                         0x080001e7   Thumb Code     0  startup_stm32f10x_hd.o(.text)
    EXTI2_IRQHandler                         0x080001e7   Thumb Code     0  startup_stm32f10x_hd.o(.text)
    EXTI3_IRQHandler                         0x080001e7   Thumb Code     0  startup_stm32f10x_hd.o(.text)
    EXTI4_IRQHandler                         0x080001e7   Thumb Code     0  startup_stm32f10x_hd.o(.text)
    EXTI9_5_IRQHandler                       0x080001e7   Thumb Code     0  startup_stm32f10x_hd.o(.text)
    FLASH_IRQHandler                         0x080001e7   Thumb Code     0  startup_stm32f10x_hd.o(.text)
    FSMC_IRQHandler                          0x080001e7   Thumb Code     0  startup_stm32f10x_hd.o(.text)
    I2C1_ER_IRQHandler                       0x080001e7   Thumb Code     0  startup_stm32f10x_hd.o(.text)
    I2C1_EV_IRQHandler                       0x080001e7   Thumb Code     0  startup_stm32f10x_hd.o(.text)
    I2C2_ER_IRQHandler                       0x080001e7   Thumb Code     0  startup_stm32f10x_hd.o(.text)
    I2C2_EV_IRQHandler                       0x080001e7   Thumb Code     0  startup_stm32f10x_hd.o(.text)
    PVD_IRQHandler                           0x080001e7   Thumb Code     0  startup_stm32f10x_hd.o(.text)
    RCC_IRQHandler                           0x080001e7   Thumb Code     0  startup_stm32f10x_hd.o(.text)
    RTCAlarm_IRQHandler                      0x080001e7   Thumb Code     0  startup_stm32f10x_hd.o(.text)
    RTC_IRQHandler                           0x080001e7   Thumb Code     0  startup_stm32f10x_hd.o(.text)
    SDIO_IRQHandler                          0x080001e7   Thumb Code     0  startup_stm32f10x_hd.o(.text)
    SPI1_IRQHandler                          0x080001e7   Thumb Code     0  startup_stm32f10x_hd.o(.text)
    SPI2_IRQHandler                          0x080001e7   Thumb Code     0  startup_stm32f10x_hd.o(.text)
    SPI3_IRQHandler                          0x080001e7   Thumb Code     0  startup_stm32f10x_hd.o(.text)
    TAMPER_IRQHandler                        0x080001e7   Thumb Code     0  startup_stm32f10x_hd.o(.text)
    TIM1_BRK_IRQHandler                      0x080001e7   Thumb Code     0  startup_stm32f10x_hd.o(.text)
    TIM1_CC_IRQHandler                       0x080001e7   Thumb Code     0  startup_stm32f10x_hd.o(.text)
    TIM1_TRG_COM_IRQHandler                  0x080001e7   Thumb Code     0  startup_stm32f10x_hd.o(.text)
    TIM1_UP_IRQHandler                       0x080001e7   Thumb Code     0  startup_stm32f10x_hd.o(.text)
    TIM2_IRQHandler                          0x080001e7   Thumb Code     0  startup_stm32f10x_hd.o(.text)
    TIM3_IRQHandler                          0x080001e7   Thumb Code     0  startup_stm32f10x_hd.o(.text)
    TIM4_IRQHandler                          0x080001e7   Thumb Code     0  startup_stm32f10x_hd.o(.text)
    TIM5_IRQHandler                          0x080001e7   Thumb Code     0  startup_stm32f10x_hd.o(.text)
    TIM6_IRQHandler                          0x080001e7   Thumb Code     0  startup_stm32f10x_hd.o(.text)
    TIM7_IRQHandler                          0x080001e7   Thumb Code     0  startup_stm32f10x_hd.o(.text)
    TIM8_BRK_IRQHandler                      0x080001e7   Thumb Code     0  startup_stm32f10x_hd.o(.text)
    TIM8_CC_IRQHandler                       0x080001e7   Thumb Code     0  startup_stm32f10x_hd.o(.text)
    TIM8_TRG_COM_IRQHandler                  0x080001e7   Thumb Code     0  startup_stm32f10x_hd.o(.text)
    TIM8_UP_IRQHandler                       0x080001e7   Thumb Code     0  startup_stm32f10x_hd.o(.text)
    UART4_IRQHandler                         0x080001e7   Thumb Code     0  startup_stm32f10x_hd.o(.text)
    UART5_IRQHandler                         0x080001e7   Thumb Code     0  startup_stm32f10x_hd.o(.text)
    USART1_IRQHandler                        0x080001e7   Thumb Code     0  startup_stm32f10x_hd.o(.text)
    USART2_IRQHandler                        0x080001e7   Thumb Code     0  startup_stm32f10x_hd.o(.text)
    USART3_IRQHandler                        0x080001e7   Thumb Code     0  startup_stm32f10x_hd.o(.text)
    USBWakeUp_IRQHandler                     0x080001e7   Thumb Code     0  startup_stm32f10x_hd.o(.text)
    USB_HP_CAN1_TX_IRQHandler                0x080001e7   Thumb Code     0  startup_stm32f10x_hd.o(.text)
    USB_LP_CAN1_RX0_IRQHandler               0x080001e7   Thumb Code     0  startup_stm32f10x_hd.o(.text)
    WWDG_IRQHandler                          0x080001e7   Thumb Code     0  startup_stm32f10x_hd.o(.text)
    __user_initial_stackheap                 0x080001e9   Thumb Code     0  startup_stm32f10x_hd.o(.text)
    __use_two_region_memory                  0x0800020d   Thumb Code     2  heapauxi.o(.text)
    __rt_heap_escrow$2region                 0x0800020f   Thumb Code     2  heapauxi.o(.text)
    __rt_heap_expand$2region                 0x08000211   Thumb Code     2  heapauxi.o(.text)
    __user_setup_stackheap                   0x08000213   Thumb Code    74  sys_stackheap_outer.o(.text)
    exit                                     0x0800025d   Thumb Code    18  exit.o(.text)
    __user_libspace                          0x08000271   Thumb Code     8  libspace.o(.text)
    __user_perproc_libspace                  0x08000271   Thumb Code     0  libspace.o(.text)
    __user_perthread_libspace                0x08000271   Thumb Code     0  libspace.o(.text)
    _sys_exit                                0x08000279   Thumb Code     8  sys_exit.o(.text)
    __I$use$semihosting                      0x08000285   Thumb Code     0  use_no_semi.o(.text)
    __use_no_semihosting_swi                 0x08000285   Thumb Code     2  use_no_semi.o(.text)
    ADC_Cmd                                  0x08000287   Thumb Code    22  stm32f10x_adc.o(i.ADC_Cmd)
    __semihosting_library_function           0x08000287   Thumb Code     0  indicate_semi.o(.text)
    ADC_DMACmd                               0x0800029d   Thumb Code    22  stm32f10x_adc.o(i.ADC_DMACmd)
    ADC_GetCalibrationStatus                 0x080002b3   Thumb Code    20  stm32f10x_adc.o(i.ADC_GetCalibrationStatus)
    ADC_GetResetCalibrationStatus            0x080002c7   Thumb Code    20  stm32f10x_adc.o(i.ADC_GetResetCalibrationStatus)
    ADC_Init                                 0x080002dd   Thumb Code    70  stm32f10x_adc.o(i.ADC_Init)
    ADC_RegularChannelConfig                 0x0800032d   Thumb Code   184  stm32f10x_adc.o(i.ADC_RegularChannelConfig)
    ADC_ResetCalibration                     0x080003e5   Thumb Code    10  stm32f10x_adc.o(i.ADC_ResetCalibration)
    ADC_SoftwareStartConvCmd                 0x080003ef   Thumb Code    22  stm32f10x_adc.o(i.ADC_SoftwareStartConvCmd)
    ADC_StartCalibration                     0x08000405   Thumb Code    10  stm32f10x_adc.o(i.ADC_StartCalibration)
    ADCx_Init                                0x08000455   Thumb Code    12  bsp_adc.o(i.ADCx_Init)
    BusFault_Handler                         0x08000589   Thumb Code     4  stm32f10x_it.o(i.BusFault_Handler)
    DMA_Cmd                                  0x0800058d   Thumb Code    24  stm32f10x_dma.o(i.DMA_Cmd)
    DMA_DeInit                               0x080005a5   Thumb Code   324  stm32f10x_dma.o(i.DMA_DeInit)
    DMA_Init                                 0x080006f1   Thumb Code    60  stm32f10x_dma.o(i.DMA_Init)
    DebugMon_Handler                         0x0800072d   Thumb Code     2  stm32f10x_it.o(i.DebugMon_Handler)
    Encoder_Close2                           0x08000731   Thumb Code    12  encoderr.o(i.Encoder_Close2)
    Encoder_Init2                            0x08000741   Thumb Code   128  encoderr.o(i.Encoder_Init2)
    Encoder_Restart2                         0x080007cd   Thumb Code     8  encoderr.o(i.Encoder_Restart2)
    Encoder_Start2                           0x080007d9   Thumb Code    12  encoderr.o(i.Encoder_Start2)
    GPIO_Init                                0x080007e9   Thumb Code   278  stm32f10x_gpio.o(i.GPIO_Init)
    GPIO_PinRemapConfig                      0x08000901   Thumb Code   138  stm32f10x_gpio.o(i.GPIO_PinRemapConfig)
    GPIO_ReadInputDataBit                    0x08000991   Thumb Code    18  stm32f10x_gpio.o(i.GPIO_ReadInputDataBit)
    GPIO_ResetBits                           0x080009a3   Thumb Code     4  stm32f10x_gpio.o(i.GPIO_ResetBits)
    GPIO_SetBits                             0x080009a7   Thumb Code     4  stm32f10x_gpio.o(i.GPIO_SetBits)
    Get_Encoder2                             0x080009ad   Thumb Code     8  encoderr.o(i.Get_Encoder2)
    HardFault_Handler                        0x080009b9   Thumb Code     4  stm32f10x_it.o(i.HardFault_Handler)
    IIC_sendbyte                             0x080009bd   Thumb Code    68  oled.o(i.IIC_sendbyte)
    IIC_start                                0x08000a05   Thumb Code    36  oled.o(i.IIC_start)
    IIC_stop                                 0x08000a2d   Thumb Code    36  oled.o(i.IIC_stop)
    IIC_waitack                              0x08000a55   Thumb Code    20  oled.o(i.IIC_waitack)
    IIC_writedata                            0x08000a6d   Thumb Code    56  oled.o(i.IIC_writedata)
    Key_GPIO_Config                          0x08000aa5   Thumb Code    34  bsp_key.o(i.Key_GPIO_Config)
    Key_Scan                                 0x08000acd   Thumb Code    24  bsp_key.o(i.Key_Scan)
    MY_TIM6_Init                             0x08000ae5   Thumb Code    50  main.o(i.MY_TIM6_Init)
    MemManage_Handler                        0x08000b1d   Thumb Code     4  stm32f10x_it.o(i.MemManage_Handler)
    NMI_Handler                              0x08000b21   Thumb Code     2  stm32f10x_it.o(i.NMI_Handler)
    NVIC_Init                                0x08000b49   Thumb Code   100  misc.o(i.NVIC_Init)
    NVIC_PriorityGroupConfig                 0x08000bb9   Thumb Code    10  misc.o(i.NVIC_PriorityGroupConfig)
    OLED_clear                               0x08000bcd   Thumb Code    60  oled.o(i.OLED_clear)
    OLED_init                                0x08000c09   Thumb Code   270  oled.o(i.OLED_init)
    PendSV_Handler                           0x08000d1d   Thumb Code     2  stm32f10x_it.o(i.PendSV_Handler)
    RCC_ADCCLKConfig                         0x08000d21   Thumb Code    18  stm32f10x_rcc.o(i.RCC_ADCCLKConfig)
    RCC_AHBPeriphClockCmd                    0x08000d39   Thumb Code    26  stm32f10x_rcc.o(i.RCC_AHBPeriphClockCmd)
    RCC_APB1PeriphClockCmd                   0x08000d59   Thumb Code    26  stm32f10x_rcc.o(i.RCC_APB1PeriphClockCmd)
    RCC_APB2PeriphClockCmd                   0x08000d79   Thumb Code    26  stm32f10x_rcc.o(i.RCC_APB2PeriphClockCmd)
    RCC_GetClocksFreq                        0x08000d99   Thumb Code   192  stm32f10x_rcc.o(i.RCC_GetClocksFreq)
    SVC_Handler                              0x08000e6d   Thumb Code     2  stm32f10x_it.o(i.SVC_Handler)
    Servo_open                               0x08000e71   Thumb Code    64  main.o(i.Servo_open)
    SysTick_CLKSourceConfig                  0x08000f9d   Thumb Code    40  misc.o(i.SysTick_CLKSourceConfig)
    SysTick_Handler                          0x08000fc5   Thumb Code     2  stm32f10x_it.o(i.SysTick_Handler)
    SystemInit                               0x08000fc9   Thumb Code    78  system_stm32f10x.o(i.SystemInit)
    TIM_ARRPreloadConfig                     0x08001269   Thumb Code    24  stm32f10x_tim.o(i.TIM_ARRPreloadConfig)
    TIM_ClearFlag                            0x08001281   Thumb Code     6  stm32f10x_tim.o(i.TIM_ClearFlag)
    TIM_Cmd                                  0x08001287   Thumb Code    24  stm32f10x_tim.o(i.TIM_Cmd)
    TIM_CtrlPWMOutputs                       0x0800129f   Thumb Code    30  stm32f10x_tim.o(i.TIM_CtrlPWMOutputs)
    TIM_EncoderInterfaceConfig               0x080012bd   Thumb Code    66  stm32f10x_tim.o(i.TIM_EncoderInterfaceConfig)
    TIM_GetFlagStatus                        0x080012ff   Thumb Code    18  stm32f10x_tim.o(i.TIM_GetFlagStatus)
    TIM_ICInit                               0x08001311   Thumb Code   150  stm32f10x_tim.o(i.TIM_ICInit)
    TIM_ICStructInit                         0x080013bd   Thumb Code    18  stm32f10x_tim.o(i.TIM_ICStructInit)
    TIM_OC1Init                              0x080013d1   Thumb Code   132  stm32f10x_tim.o(i.TIM_OC1Init)
    TIM_OC1PreloadConfig                     0x08001469   Thumb Code    18  stm32f10x_tim.o(i.TIM_OC1PreloadConfig)
    TIM_OC2Init                              0x0800147d   Thumb Code   154  stm32f10x_tim.o(i.TIM_OC2Init)
    TIM_OC2PreloadConfig                     0x08001521   Thumb Code    26  stm32f10x_tim.o(i.TIM_OC2PreloadConfig)
    TIM_OC3Init                              0x0800153d   Thumb Code   150  stm32f10x_tim.o(i.TIM_OC3Init)
    TIM_OC3PreloadConfig                     0x080015dd   Thumb Code    18  stm32f10x_tim.o(i.TIM_OC3PreloadConfig)
    TIM_OC4Init                              0x080015f1   Thumb Code   114  stm32f10x_tim.o(i.TIM_OC4Init)
    TIM_OC4PreloadConfig                     0x0800166d   Thumb Code    26  stm32f10x_tim.o(i.TIM_OC4PreloadConfig)
    TIM_PWM_Init                             0x08001689   Thumb Code   180  servo.o(i.TIM_PWM_Init)
    TIM_SetCompare1                          0x08001741   Thumb Code     4  stm32f10x_tim.o(i.TIM_SetCompare1)
    TIM_SetCompare2                          0x08001745   Thumb Code     4  stm32f10x_tim.o(i.TIM_SetCompare2)
    TIM_SetCompare3                          0x08001749   Thumb Code     4  stm32f10x_tim.o(i.TIM_SetCompare3)
    TIM_SetCompare4                          0x0800174d   Thumb Code     6  stm32f10x_tim.o(i.TIM_SetCompare4)
    TIM_SetIC1Prescaler                      0x08001753   Thumb Code    18  stm32f10x_tim.o(i.TIM_SetIC1Prescaler)
    TIM_SetIC2Prescaler                      0x08001765   Thumb Code    26  stm32f10x_tim.o(i.TIM_SetIC2Prescaler)
    TIM_SetIC3Prescaler                      0x0800177f   Thumb Code    18  stm32f10x_tim.o(i.TIM_SetIC3Prescaler)
    TIM_SetIC4Prescaler                      0x08001791   Thumb Code    26  stm32f10x_tim.o(i.TIM_SetIC4Prescaler)
    TIM_TimeBaseInit                         0x080017ad   Thumb Code   122  stm32f10x_tim.o(i.TIM_TimeBaseInit)
    USART_Cmd                                0x08001851   Thumb Code    24  stm32f10x_usart.o(i.USART_Cmd)
    USART_Config                             0x08001869   Thumb Code   136  bsp_usart.o(i.USART_Config)
    USART_ITConfig                           0x080018f9   Thumb Code    74  stm32f10x_usart.o(i.USART_ITConfig)
    USART_Init                               0x08001945   Thumb Code   210  stm32f10x_usart.o(i.USART_Init)
    UsageFault_Handler                       0x08001a1d   Thumb Code     4  stm32f10x_it.o(i.UsageFault_Handler)
    asb                                      0x08001a21   Thumb Code    22  main.o(i.asb)
    delay_init                               0x08001a39   Thumb Code    50  delay.o(i.delay_init)
    delay_ms                                 0x08001a7d   Thumb Code    72  delay.o(i.delay_ms)
    main                                     0x08001ac9   Thumb Code  3446  main.o(i.main)
    motor_run                                0x08002841   Thumb Code    70  motor.o(i.motor_run)
    tim_motor_init                           0x0800288d   Thumb Code   214  motor.o(i.tim_motor_init)
    __aeabi_d2f                              0x08002971   Thumb Code     0  d2f.o(x$fpl$d2f)
    _d2f                                     0x08002971   Thumb Code    98  d2f.o(x$fpl$d2f)
    __aeabi_dadd                             0x080029d5   Thumb Code     0  daddsub_clz.o(x$fpl$dadd)
    _dadd                                    0x080029d5   Thumb Code   332  daddsub_clz.o(x$fpl$dadd)
    __fpl_dcmp_Inf                           0x08002b25   Thumb Code    24  dcmpi.o(x$fpl$dcmpinf)
    __aeabi_ddiv                             0x08002b3d   Thumb Code     0  ddiv.o(x$fpl$ddiv)
    _ddiv                                    0x08002b3d   Thumb Code   552  ddiv.o(x$fpl$ddiv)
    __aeabi_d2uiz                            0x08002ded   Thumb Code     0  dfixu.o(x$fpl$dfixu)
    _dfixu                                   0x08002ded   Thumb Code    90  dfixu.o(x$fpl$dfixu)
    __aeabi_cdcmple                          0x08002e49   Thumb Code     0  dleqf.o(x$fpl$dleqf)
    _dcmple                                  0x08002e49   Thumb Code   120  dleqf.o(x$fpl$dleqf)
    __fpl_dcmple_InfNaN                      0x08002eab   Thumb Code     0  dleqf.o(x$fpl$dleqf)
    __aeabi_dmul                             0x08002ec1   Thumb Code     0  dmul.o(x$fpl$dmul)
    _dmul                                    0x08002ec1   Thumb Code   332  dmul.o(x$fpl$dmul)
    __fpl_dnaninf                            0x08003015   Thumb Code   156  dnaninf.o(x$fpl$dnaninf)
    __fpl_dretinf                            0x080030b1   Thumb Code    12  dretinf.o(x$fpl$dretinf)
    __aeabi_cdrcmple                         0x080030bd   Thumb Code     0  drleqf.o(x$fpl$drleqf)
    _drcmple                                 0x080030bd   Thumb Code   108  drleqf.o(x$fpl$drleqf)
    __aeabi_drsub                            0x08003129   Thumb Code     0  daddsub_clz.o(x$fpl$drsb)
    _drsb                                    0x08003129   Thumb Code    22  daddsub_clz.o(x$fpl$drsb)
    __aeabi_dsub                             0x08003141   Thumb Code     0  daddsub_clz.o(x$fpl$dsub)
    _dsub                                    0x08003141   Thumb Code   464  daddsub_clz.o(x$fpl$dsub)
    __aeabi_f2d                              0x08003315   Thumb Code     0  f2d.o(x$fpl$f2d)
    _f2d                                     0x08003315   Thumb Code    86  f2d.o(x$fpl$f2d)
    __aeabi_fadd                             0x0800336d   Thumb Code     0  faddsub_clz.o(x$fpl$fadd)
    _fadd                                    0x0800336d   Thumb Code   196  faddsub_clz.o(x$fpl$fadd)
    __fpl_fcmp_Inf                           0x08003431   Thumb Code    24  fcmpi.o(x$fpl$fcmpinf)
    __aeabi_fdiv                             0x08003449   Thumb Code     0  fdiv.o(x$fpl$fdiv)
    _fdiv                                    0x08003449   Thumb Code   384  fdiv.o(x$fpl$fdiv)
    __aeabi_f2iz                             0x080035cd   Thumb Code     0  ffix.o(x$fpl$ffix)
    _ffix                                    0x080035cd   Thumb Code    54  ffix.o(x$fpl$ffix)
    __aeabi_f2uiz                            0x08003605   Thumb Code     0  ffixu.o(x$fpl$ffixu)
    _ffixu                                   0x08003605   Thumb Code    62  ffixu.o(x$fpl$ffixu)
    __aeabi_i2f                              0x08003645   Thumb Code     0  fflt_clz.o(x$fpl$fflt)
    _fflt                                    0x08003645   Thumb Code    48  fflt_clz.o(x$fpl$fflt)
    __aeabi_ui2f                             0x08003675   Thumb Code     0  fflt_clz.o(x$fpl$ffltu)
    _ffltu                                   0x08003675   Thumb Code    38  fflt_clz.o(x$fpl$ffltu)
    __aeabi_cfcmple                          0x0800369d   Thumb Code     0  fleqf.o(x$fpl$fleqf)
    _fcmple                                  0x0800369d   Thumb Code   104  fleqf.o(x$fpl$fleqf)
    __fpl_fcmple_InfNaN                      0x080036ef   Thumb Code     0  fleqf.o(x$fpl$fleqf)
    __aeabi_fmul                             0x08003705   Thumb Code     0  fmul.o(x$fpl$fmul)
    _fmul                                    0x08003705   Thumb Code   258  fmul.o(x$fpl$fmul)
    __fpl_fnaninf                            0x08003807   Thumb Code   140  fnaninf.o(x$fpl$fnaninf)
    __fpl_fretinf                            0x08003893   Thumb Code    10  fretinf.o(x$fpl$fretinf)
    __aeabi_cfrcmple                         0x0800389d   Thumb Code     0  frleqf.o(x$fpl$frleqf)
    _frcmple                                 0x0800389d   Thumb Code    98  frleqf.o(x$fpl$frleqf)
    __aeabi_frsub                            0x080038ff   Thumb Code     0  faddsub_clz.o(x$fpl$frsb)
    _frsb                                    0x080038ff   Thumb Code    20  faddsub_clz.o(x$fpl$frsb)
    __aeabi_fsub                             0x08003915   Thumb Code     0  faddsub_clz.o(x$fpl$fsub)
    _fsub                                    0x08003915   Thumb Code   234  faddsub_clz.o(x$fpl$fsub)
    __I$use$fp                               0x080039fe   Number         0  usenofp.o(x$fpl$usenofp)
    Region$$Table$$Base                      0x08003a00   Number         0  anon$$obj.o(Region$$Table)
    Region$$Table$$Limit                     0x08003a20   Number         0  anon$$obj.o(Region$$Table)
    pid_s                                    0x20000000   Data           4  main.o(.data)
    pid_m_R                                  0x20000004   Data           4  main.o(.data)
    pid_m_L                                  0x20000008   Data           4  main.o(.data)
    LastSensorDevitation                     0x2000000c   Data           4  main.o(.data)
    Lastsensor                               0x20000010   Data           4  main.o(.data)
    away                                     0x20000014   Data           4  main.o(.data)
    i                                        0x20000018   Data           4  main.o(.data)
    j                                        0x2000001c   Data           4  main.o(.data)
    k                                        0x20000020   Data           4  main.o(.data)
    rk                                       0x20000024   Data           4  main.o(.data)
    p                                        0x20000028   Data           4  main.o(.data)
    q                                        0x2000002c   Data           4  main.o(.data)
    SystemCoreClock                          0x20000034   Data           4  system_stm32f10x.o(.data)
    AHBPrescTable                            0x20000038   Data          16  system_stm32f10x.o(.data)
    ADC_ConvertedValueLocal                  0x2000005c   Data          20  main.o(.bss)
    ADC_ConvertedValue                       0x20000070   Data          10  bsp_adc.o(.bss)
    __libspace_start                         0x2000007c   Data          96  libspace.o(.bss)
    __temporary_stack_top$libspace           0x200000dc   Data           0  libspace.o(.bss)



==============================================================================

Memory Map of the image

  Image Entry point : 0x08000131

  Load Region LR_IROM1 (Base: 0x08000000, Size: 0x00003a7c, Max: 0x00080000, ABSOLUTE)

    Execution Region ER_IROM1 (Exec base: 0x08000000, Load base: 0x08000000, Size: 0x00003a20, Max: 0x00080000, ABSOLUTE)

    Exec Addr    Load Addr    Size         Type   Attr      Idx    E Section Name        Object

    0x08000000   0x08000000   0x00000130   Data   RO          718    RESET               startup_stm32f10x_hd.o
    0x08000130   0x08000130   0x00000008   Code   RO         3695  * !!!main             c_w.l(__main.o)
    0x08000138   0x08000138   0x00000034   Code   RO         3919    !!!scatter          c_w.l(__scatter.o)
    0x0800016c   0x0800016c   0x0000001a   Code   RO         3921    !!handler_copy      c_w.l(__scatter_copy.o)
    0x08000186   0x08000186   0x00000002   PAD
    0x08000188   0x08000188   0x0000001c   Code   RO         3923    !!handler_zi        c_w.l(__scatter_zi.o)
    0x080001a4   0x080001a4   0x00000002   Code   RO         3789    .ARM.Collect$$libinit$$00000000  c_w.l(libinit.o)
    0x080001a6   0x080001a6   0x00000000   Code   RO         3796    .ARM.Collect$$libinit$$00000002  c_w.l(libinit2.o)
    0x080001a6   0x080001a6   0x00000000   Code   RO         3798    .ARM.Collect$$libinit$$00000004  c_w.l(libinit2.o)
    0x080001a6   0x080001a6   0x00000000   Code   RO         3801    .ARM.Collect$$libinit$$0000000A  c_w.l(libinit2.o)
    0x080001a6   0x080001a6   0x00000000   Code   RO         3803    .ARM.Collect$$libinit$$0000000C  c_w.l(libinit2.o)
    0x080001a6   0x080001a6   0x00000000   Code   RO         3805    .ARM.Collect$$libinit$$0000000E  c_w.l(libinit2.o)
    0x080001a6   0x080001a6   0x00000000   Code   RO         3808    .ARM.Collect$$libinit$$00000011  c_w.l(libinit2.o)
    0x080001a6   0x080001a6   0x00000000   Code   RO         3810    .ARM.Collect$$libinit$$00000013  c_w.l(libinit2.o)
    0x080001a6   0x080001a6   0x00000000   Code   RO         3812    .ARM.Collect$$libinit$$00000015  c_w.l(libinit2.o)
    0x080001a6   0x080001a6   0x00000000   Code   RO         3814    .ARM.Collect$$libinit$$00000017  c_w.l(libinit2.o)
    0x080001a6   0x080001a6   0x00000000   Code   RO         3816    .ARM.Collect$$libinit$$00000019  c_w.l(libinit2.o)
    0x080001a6   0x080001a6   0x00000000   Code   RO         3818    .ARM.Collect$$libinit$$0000001B  c_w.l(libinit2.o)
    0x080001a6   0x080001a6   0x00000000   Code   RO         3820    .ARM.Collect$$libinit$$0000001D  c_w.l(libinit2.o)
    0x080001a6   0x080001a6   0x00000000   Code   RO         3822    .ARM.Collect$$libinit$$0000001F  c_w.l(libinit2.o)
    0x080001a6   0x080001a6   0x00000000   Code   RO         3824    .ARM.Collect$$libinit$$00000021  c_w.l(libinit2.o)
    0x080001a6   0x080001a6   0x00000000   Code   RO         3826    .ARM.Collect$$libinit$$00000023  c_w.l(libinit2.o)
    0x080001a6   0x080001a6   0x00000000   Code   RO         3828    .ARM.Collect$$libinit$$00000025  c_w.l(libinit2.o)
    0x080001a6   0x080001a6   0x00000000   Code   RO         3832    .ARM.Collect$$libinit$$0000002C  c_w.l(libinit2.o)
    0x080001a6   0x080001a6   0x00000000   Code   RO         3834    .ARM.Collect$$libinit$$0000002E  c_w.l(libinit2.o)
    0x080001a6   0x080001a6   0x00000000   Code   RO         3836    .ARM.Collect$$libinit$$00000030  c_w.l(libinit2.o)
    0x080001a6   0x080001a6   0x00000000   Code   RO         3838    .ARM.Collect$$libinit$$00000032  c_w.l(libinit2.o)
    0x080001a6   0x080001a6   0x00000002   Code   RO         3839    .ARM.Collect$$libinit$$00000033  c_w.l(libinit2.o)
    0x080001a8   0x080001a8   0x00000002   Code   RO         3859    .ARM.Collect$$libshutdown$$00000000  c_w.l(libshutdown.o)
    0x080001aa   0x080001aa   0x00000000   Code   RO         3872    .ARM.Collect$$libshutdown$$00000002  c_w.l(libshutdown2.o)
    0x080001aa   0x080001aa   0x00000000   Code   RO         3874    .ARM.Collect$$libshutdown$$00000004  c_w.l(libshutdown2.o)
    0x080001aa   0x080001aa   0x00000000   Code   RO         3877    .ARM.Collect$$libshutdown$$00000007  c_w.l(libshutdown2.o)
    0x080001aa   0x080001aa   0x00000000   Code   RO         3880    .ARM.Collect$$libshutdown$$0000000A  c_w.l(libshutdown2.o)
    0x080001aa   0x080001aa   0x00000000   Code   RO         3882    .ARM.Collect$$libshutdown$$0000000C  c_w.l(libshutdown2.o)
    0x080001aa   0x080001aa   0x00000000   Code   RO         3885    .ARM.Collect$$libshutdown$$0000000F  c_w.l(libshutdown2.o)
    0x080001aa   0x080001aa   0x00000002   Code   RO         3886    .ARM.Collect$$libshutdown$$00000010  c_w.l(libshutdown2.o)
    0x080001ac   0x080001ac   0x00000000   Code   RO         3751    .ARM.Collect$$rtentry$$00000000  c_w.l(__rtentry.o)
    0x080001ac   0x080001ac   0x00000000   Code   RO         3766    .ARM.Collect$$rtentry$$00000002  c_w.l(__rtentry2.o)
    0x080001ac   0x080001ac   0x00000006   Code   RO         3778    .ARM.Collect$$rtentry$$00000004  c_w.l(__rtentry4.o)
    0x080001b2   0x080001b2   0x00000000   Code   RO         3768    .ARM.Collect$$rtentry$$00000009  c_w.l(__rtentry2.o)
    0x080001b2   0x080001b2   0x00000004   Code   RO         3769    .ARM.Collect$$rtentry$$0000000A  c_w.l(__rtentry2.o)
    0x080001b6   0x080001b6   0x00000000   Code   RO         3771    .ARM.Collect$$rtentry$$0000000C  c_w.l(__rtentry2.o)
    0x080001b6   0x080001b6   0x00000008   Code   RO         3772    .ARM.Collect$$rtentry$$0000000D  c_w.l(__rtentry2.o)
    0x080001be   0x080001be   0x00000002   Code   RO         3793    .ARM.Collect$$rtexit$$00000000  c_w.l(rtexit.o)
    0x080001c0   0x080001c0   0x00000000   Code   RO         3841    .ARM.Collect$$rtexit$$00000002  c_w.l(rtexit2.o)
    0x080001c0   0x080001c0   0x00000004   Code   RO         3842    .ARM.Collect$$rtexit$$00000003  c_w.l(rtexit2.o)
    0x080001c4   0x080001c4   0x00000006   Code   RO         3843    .ARM.Collect$$rtexit$$00000004  c_w.l(rtexit2.o)
    0x080001ca   0x080001ca   0x00000002   PAD
    0x080001cc   0x080001cc   0x00000040   Code   RO          719    .text               startup_stm32f10x_hd.o
    0x0800020c   0x0800020c   0x00000006   Code   RO         3693    .text               c_w.l(heapauxi.o)
    0x08000212   0x08000212   0x0000004a   Code   RO         3780    .text               c_w.l(sys_stackheap_outer.o)
    0x0800025c   0x0800025c   0x00000012   Code   RO         3782    .text               c_w.l(exit.o)
    0x0800026e   0x0800026e   0x00000002   PAD
    0x08000270   0x08000270   0x00000008   Code   RO         3790    .text               c_w.l(libspace.o)
    0x08000278   0x08000278   0x0000000c   Code   RO         3851    .text               c_w.l(sys_exit.o)
    0x08000284   0x08000284   0x00000002   Code   RO         3862    .text               c_w.l(use_no_semi.o)
    0x08000286   0x08000286   0x00000000   Code   RO         3864    .text               c_w.l(indicate_semi.o)
    0x08000286   0x08000286   0x00000016   Code   RO          766    i.ADC_Cmd           stm32f10x_adc.o
    0x0800029c   0x0800029c   0x00000016   Code   RO          767    i.ADC_DMACmd        stm32f10x_adc.o
    0x080002b2   0x080002b2   0x00000014   Code   RO          774    i.ADC_GetCalibrationStatus  stm32f10x_adc.o
    0x080002c6   0x080002c6   0x00000014   Code   RO          780    i.ADC_GetResetCalibrationStatus  stm32f10x_adc.o
    0x080002da   0x080002da   0x00000002   PAD
    0x080002dc   0x080002dc   0x00000050   Code   RO          784    i.ADC_Init          stm32f10x_adc.o
    0x0800032c   0x0800032c   0x000000b8   Code   RO          788    i.ADC_RegularChannelConfig  stm32f10x_adc.o
    0x080003e4   0x080003e4   0x0000000a   Code   RO          789    i.ADC_ResetCalibration  stm32f10x_adc.o
    0x080003ee   0x080003ee   0x00000016   Code   RO          791    i.ADC_SoftwareStartConvCmd  stm32f10x_adc.o
    0x08000404   0x08000404   0x0000000a   Code   RO          793    i.ADC_StartCalibration  stm32f10x_adc.o
    0x0800040e   0x0800040e   0x00000002   PAD
    0x08000410   0x08000410   0x00000044   Code   RO          354    i.ADCx_GPIO_Config  bsp_adc.o
    0x08000454   0x08000454   0x0000000c   Code   RO          355    i.ADCx_Init         bsp_adc.o
    0x08000460   0x08000460   0x00000128   Code   RO          356    i.ADCx_Mode_Config  bsp_adc.o
    0x08000588   0x08000588   0x00000004   Code   RO          165    i.BusFault_Handler  stm32f10x_it.o
    0x0800058c   0x0800058c   0x00000018   Code   RO         1451    i.DMA_Cmd           stm32f10x_dma.o
    0x080005a4   0x080005a4   0x0000014c   Code   RO         1452    i.DMA_DeInit        stm32f10x_dma.o
    0x080006f0   0x080006f0   0x0000003c   Code   RO         1457    i.DMA_Init          stm32f10x_dma.o
    0x0800072c   0x0800072c   0x00000002   Code   RO          166    i.DebugMon_Handler  stm32f10x_it.o
    0x0800072e   0x0800072e   0x00000002   PAD
    0x08000730   0x08000730   0x00000010   Code   RO          564    i.Encoder_Close2    encoderr.o
    0x08000740   0x08000740   0x0000008c   Code   RO          565    i.Encoder_Init2     encoderr.o
    0x080007cc   0x080007cc   0x0000000c   Code   RO          566    i.Encoder_Restart2  encoderr.o
    0x080007d8   0x080007d8   0x00000010   Code   RO          567    i.Encoder_Start2    encoderr.o
    0x080007e8   0x080007e8   0x00000116   Code   RO         1875    i.GPIO_Init         stm32f10x_gpio.o
    0x080008fe   0x080008fe   0x00000002   PAD
    0x08000900   0x08000900   0x00000090   Code   RO         1877    i.GPIO_PinRemapConfig  stm32f10x_gpio.o
    0x08000990   0x08000990   0x00000012   Code   RO         1879    i.GPIO_ReadInputDataBit  stm32f10x_gpio.o
    0x080009a2   0x080009a2   0x00000004   Code   RO         1882    i.GPIO_ResetBits    stm32f10x_gpio.o
    0x080009a6   0x080009a6   0x00000004   Code   RO         1883    i.GPIO_SetBits      stm32f10x_gpio.o
    0x080009aa   0x080009aa   0x00000002   PAD
    0x080009ac   0x080009ac   0x0000000c   Code   RO          568    i.Get_Encoder2      encoderr.o
    0x080009b8   0x080009b8   0x00000004   Code   RO          167    i.HardFault_Handler  stm32f10x_it.o
    0x080009bc   0x080009bc   0x00000048   Code   RO          459    i.IIC_sendbyte      oled.o
    0x08000a04   0x08000a04   0x00000028   Code   RO          460    i.IIC_start         oled.o
    0x08000a2c   0x08000a2c   0x00000028   Code   RO          461    i.IIC_stop          oled.o
    0x08000a54   0x08000a54   0x00000018   Code   RO          462    i.IIC_waitack       oled.o
    0x08000a6c   0x08000a6c   0x00000038   Code   RO          463    i.IIC_writedata     oled.o
    0x08000aa4   0x08000aa4   0x00000028   Code   RO          642    i.Key_GPIO_Config   bsp_key.o
    0x08000acc   0x08000acc   0x00000018   Code   RO          643    i.Key_Scan          bsp_key.o
    0x08000ae4   0x08000ae4   0x00000038   Code   RO            2    i.MY_TIM6_Init      main.o
    0x08000b1c   0x08000b1c   0x00000004   Code   RO          168    i.MemManage_Handler  stm32f10x_it.o
    0x08000b20   0x08000b20   0x00000002   Code   RO          169    i.NMI_Handler       stm32f10x_it.o
    0x08000b22   0x08000b22   0x00000026   Code   RO          382    i.NVIC_Configuration  bsp_usart.o
    0x08000b48   0x08000b48   0x00000070   Code   RO          724    i.NVIC_Init         misc.o
    0x08000bb8   0x08000bb8   0x00000014   Code   RO          725    i.NVIC_PriorityGroupConfig  misc.o
    0x08000bcc   0x08000bcc   0x0000003c   Code   RO          464    i.OLED_clear        oled.o
    0x08000c08   0x08000c08   0x00000114   Code   RO          465    i.OLED_init         oled.o
    0x08000d1c   0x08000d1c   0x00000002   Code   RO          170    i.PendSV_Handler    stm32f10x_it.o
    0x08000d1e   0x08000d1e   0x00000002   PAD
    0x08000d20   0x08000d20   0x00000018   Code   RO         2289    i.RCC_ADCCLKConfig  stm32f10x_rcc.o
    0x08000d38   0x08000d38   0x00000020   Code   RO         2290    i.RCC_AHBPeriphClockCmd  stm32f10x_rcc.o
    0x08000d58   0x08000d58   0x00000020   Code   RO         2291    i.RCC_APB1PeriphClockCmd  stm32f10x_rcc.o
    0x08000d78   0x08000d78   0x00000020   Code   RO         2293    i.RCC_APB2PeriphClockCmd  stm32f10x_rcc.o
    0x08000d98   0x08000d98   0x000000d4   Code   RO         2301    i.RCC_GetClocksFreq  stm32f10x_rcc.o
    0x08000e6c   0x08000e6c   0x00000002   Code   RO          171    i.SVC_Handler       stm32f10x_it.o
    0x08000e6e   0x08000e6e   0x00000002   PAD
    0x08000e70   0x08000e70   0x00000044   Code   RO            3    i.Servo_open        main.o
    0x08000eb4   0x08000eb4   0x00000008   Code   RO          663    i.SetSysClock       system_stm32f10x.o
    0x08000ebc   0x08000ebc   0x000000e0   Code   RO          664    i.SetSysClockTo72   system_stm32f10x.o
    0x08000f9c   0x08000f9c   0x00000028   Code   RO          728    i.SysTick_CLKSourceConfig  misc.o
    0x08000fc4   0x08000fc4   0x00000002   Code   RO          172    i.SysTick_Handler   stm32f10x_it.o
    0x08000fc6   0x08000fc6   0x00000002   PAD
    0x08000fc8   0x08000fc8   0x00000060   Code   RO          666    i.SystemInit        system_stm32f10x.o
    0x08001028   0x08001028   0x00000080   Code   RO         2909    i.TI1_Config        stm32f10x_tim.o
    0x080010a8   0x080010a8   0x00000098   Code   RO         2910    i.TI2_Config        stm32f10x_tim.o
    0x08001140   0x08001140   0x00000090   Code   RO         2911    i.TI3_Config        stm32f10x_tim.o
    0x080011d0   0x080011d0   0x00000098   Code   RO         2912    i.TI4_Config        stm32f10x_tim.o
    0x08001268   0x08001268   0x00000018   Code   RO         2913    i.TIM_ARRPreloadConfig  stm32f10x_tim.o
    0x08001280   0x08001280   0x00000006   Code   RO         2919    i.TIM_ClearFlag     stm32f10x_tim.o
    0x08001286   0x08001286   0x00000018   Code   RO         2925    i.TIM_Cmd           stm32f10x_tim.o
    0x0800129e   0x0800129e   0x0000001e   Code   RO         2927    i.TIM_CtrlPWMOutputs  stm32f10x_tim.o
    0x080012bc   0x080012bc   0x00000042   Code   RO         2934    i.TIM_EncoderInterfaceConfig  stm32f10x_tim.o
    0x080012fe   0x080012fe   0x00000012   Code   RO         2945    i.TIM_GetFlagStatus  stm32f10x_tim.o
    0x08001310   0x08001310   0x000000ac   Code   RO         2948    i.TIM_ICInit        stm32f10x_tim.o
    0x080013bc   0x080013bc   0x00000012   Code   RO         2949    i.TIM_ICStructInit  stm32f10x_tim.o
    0x080013ce   0x080013ce   0x00000002   PAD
    0x080013d0   0x080013d0   0x00000098   Code   RO         2954    i.TIM_OC1Init       stm32f10x_tim.o
    0x08001468   0x08001468   0x00000012   Code   RO         2957    i.TIM_OC1PreloadConfig  stm32f10x_tim.o
    0x0800147a   0x0800147a   0x00000002   PAD
    0x0800147c   0x0800147c   0x000000a4   Code   RO         2959    i.TIM_OC2Init       stm32f10x_tim.o
    0x08001520   0x08001520   0x0000001a   Code   RO         2962    i.TIM_OC2PreloadConfig  stm32f10x_tim.o
    0x0800153a   0x0800153a   0x00000002   PAD
    0x0800153c   0x0800153c   0x000000a0   Code   RO         2964    i.TIM_OC3Init       stm32f10x_tim.o
    0x080015dc   0x080015dc   0x00000012   Code   RO         2967    i.TIM_OC3PreloadConfig  stm32f10x_tim.o
    0x080015ee   0x080015ee   0x00000002   PAD
    0x080015f0   0x080015f0   0x0000007c   Code   RO         2969    i.TIM_OC4Init       stm32f10x_tim.o
    0x0800166c   0x0800166c   0x0000001a   Code   RO         2971    i.TIM_OC4PreloadConfig  stm32f10x_tim.o
    0x08001686   0x08001686   0x00000002   PAD
    0x08001688   0x08001688   0x000000b8   Code   RO          305    i.TIM_PWM_Init      servo.o
    0x08001740   0x08001740   0x00000004   Code   RO         2986    i.TIM_SetCompare1   stm32f10x_tim.o
    0x08001744   0x08001744   0x00000004   Code   RO         2987    i.TIM_SetCompare2   stm32f10x_tim.o
    0x08001748   0x08001748   0x00000004   Code   RO         2988    i.TIM_SetCompare3   stm32f10x_tim.o
    0x0800174c   0x0800174c   0x00000006   Code   RO         2989    i.TIM_SetCompare4   stm32f10x_tim.o
    0x08001752   0x08001752   0x00000012   Code   RO         2991    i.TIM_SetIC1Prescaler  stm32f10x_tim.o
    0x08001764   0x08001764   0x0000001a   Code   RO         2992    i.TIM_SetIC2Prescaler  stm32f10x_tim.o
    0x0800177e   0x0800177e   0x00000012   Code   RO         2993    i.TIM_SetIC3Prescaler  stm32f10x_tim.o
    0x08001790   0x08001790   0x0000001a   Code   RO         2994    i.TIM_SetIC4Prescaler  stm32f10x_tim.o
    0x080017aa   0x080017aa   0x00000002   PAD
    0x080017ac   0x080017ac   0x000000a4   Code   RO         2996    i.TIM_TimeBaseInit  stm32f10x_tim.o
    0x08001850   0x08001850   0x00000018   Code   RO         3461    i.USART_Cmd         stm32f10x_usart.o
    0x08001868   0x08001868   0x00000090   Code   RO          383    i.USART_Config      bsp_usart.o
    0x080018f8   0x080018f8   0x0000004a   Code   RO         3467    i.USART_ITConfig    stm32f10x_usart.o
    0x08001942   0x08001942   0x00000002   PAD
    0x08001944   0x08001944   0x000000d8   Code   RO         3468    i.USART_Init        stm32f10x_usart.o
    0x08001a1c   0x08001a1c   0x00000004   Code   RO          173    i.UsageFault_Handler  stm32f10x_it.o
    0x08001a20   0x08001a20   0x00000016   Code   RO            4    i.asb               main.o
    0x08001a36   0x08001a36   0x00000002   PAD
    0x08001a38   0x08001a38   0x00000044   Code   RO          328    i.delay_init        delay.o
    0x08001a7c   0x08001a7c   0x0000004c   Code   RO          329    i.delay_ms          delay.o
    0x08001ac8   0x08001ac8   0x00000d76   Code   RO            5    i.main              main.o
    0x0800283e   0x0800283e   0x00000002   PAD
    0x08002840   0x08002840   0x0000004c   Code   RO          438    i.motor_run         motor.o
    0x0800288c   0x0800288c   0x000000e4   Code   RO          439    i.tim_motor_init    motor.o
    0x08002970   0x08002970   0x00000062   Code   RO         3697    x$fpl$d2f           fz_ws.l(d2f.o)
    0x080029d2   0x080029d2   0x00000002   PAD
    0x080029d4   0x080029d4   0x00000150   Code   RO         3699    x$fpl$dadd          fz_ws.l(daddsub_clz.o)
    0x08002b24   0x08002b24   0x00000018   Code   RO         3752    x$fpl$dcmpinf       fz_ws.l(dcmpi.o)
    0x08002b3c   0x08002b3c   0x000002b0   Code   RO         3706    x$fpl$ddiv          fz_ws.l(ddiv.o)
    0x08002dec   0x08002dec   0x0000005a   Code   RO         3709    x$fpl$dfixu         fz_ws.l(dfixu.o)
    0x08002e46   0x08002e46   0x00000002   PAD
    0x08002e48   0x08002e48   0x00000078   Code   RO         3713    x$fpl$dleqf         fz_ws.l(dleqf.o)
    0x08002ec0   0x08002ec0   0x00000154   Code   RO         3715    x$fpl$dmul          fz_ws.l(dmul.o)
    0x08003014   0x08003014   0x0000009c   Code   RO         3754    x$fpl$dnaninf       fz_ws.l(dnaninf.o)
    0x080030b0   0x080030b0   0x0000000c   Code   RO         3756    x$fpl$dretinf       fz_ws.l(dretinf.o)
    0x080030bc   0x080030bc   0x0000006c   Code   RO         3717    x$fpl$drleqf        fz_ws.l(drleqf.o)
    0x08003128   0x08003128   0x00000016   Code   RO         3700    x$fpl$drsb          fz_ws.l(daddsub_clz.o)
    0x0800313e   0x0800313e   0x00000002   PAD
    0x08003140   0x08003140   0x000001d4   Code   RO         3701    x$fpl$dsub          fz_ws.l(daddsub_clz.o)
    0x08003314   0x08003314   0x00000056   Code   RO         3719    x$fpl$f2d           fz_ws.l(f2d.o)
    0x0800336a   0x0800336a   0x00000002   PAD
    0x0800336c   0x0800336c   0x000000c4   Code   RO         3721    x$fpl$fadd          fz_ws.l(faddsub_clz.o)
    0x08003430   0x08003430   0x00000018   Code   RO         3758    x$fpl$fcmpinf       fz_ws.l(fcmpi.o)
    0x08003448   0x08003448   0x00000184   Code   RO         3728    x$fpl$fdiv          fz_ws.l(fdiv.o)
    0x080035cc   0x080035cc   0x00000036   Code   RO         3731    x$fpl$ffix          fz_ws.l(ffix.o)
    0x08003602   0x08003602   0x00000002   PAD
    0x08003604   0x08003604   0x0000003e   Code   RO         3735    x$fpl$ffixu         fz_ws.l(ffixu.o)
    0x08003642   0x08003642   0x00000002   PAD
    0x08003644   0x08003644   0x00000030   Code   RO         3740    x$fpl$fflt          fz_ws.l(fflt_clz.o)
    0x08003674   0x08003674   0x00000026   Code   RO         3739    x$fpl$ffltu         fz_ws.l(fflt_clz.o)
    0x0800369a   0x0800369a   0x00000002   PAD
    0x0800369c   0x0800369c   0x00000068   Code   RO         3745    x$fpl$fleqf         fz_ws.l(fleqf.o)
    0x08003704   0x08003704   0x00000102   Code   RO         3747    x$fpl$fmul          fz_ws.l(fmul.o)
    0x08003806   0x08003806   0x0000008c   Code   RO         3760    x$fpl$fnaninf       fz_ws.l(fnaninf.o)
    0x08003892   0x08003892   0x0000000a   Code   RO         3762    x$fpl$fretinf       fz_ws.l(fretinf.o)
    0x0800389c   0x0800389c   0x00000062   Code   RO         3749    x$fpl$frleqf        fz_ws.l(frleqf.o)
    0x080038fe   0x080038fe   0x00000014   Code   RO         3722    x$fpl$frsb          fz_ws.l(faddsub_clz.o)
    0x08003912   0x08003912   0x00000002   PAD
    0x08003914   0x08003914   0x000000ea   Code   RO         3723    x$fpl$fsub          fz_ws.l(faddsub_clz.o)
    0x080039fe   0x080039fe   0x00000000   Code   RO         3764    x$fpl$usenofp       fz_ws.l(usenofp.o)
    0x080039fe   0x080039fe   0x00000002   PAD
    0x08003a00   0x08003a00   0x00000020   Data   RO         3917    Region$$Table       anon$$obj.o


    Execution Region RW_IRAM1 (Exec base: 0x20000000, Load base: 0x08003a20, Size: 0x000006e0, Max: 0x00010000, ABSOLUTE)

    Exec Addr    Load Addr    Size         Type   Attr      Idx    E Section Name        Object

    0x20000000   0x08003a20   0x00000030   Data   RW            7    .data               main.o
    0x20000030   0x08003a50   0x00000004   Data   RW          331    .data               delay.o
    0x20000034   0x08003a54   0x00000014   Data   RW          667    .data               system_stm32f10x.o
    0x20000048   0x08003a68   0x00000014   Data   RW         2321    .data               stm32f10x_rcc.o
    0x2000005c        -       0x00000014   Zero   RW            6    .bss                main.o
    0x20000070        -       0x0000000a   Zero   RW          357    .bss                bsp_adc.o
    0x2000007a   0x08003a7c   0x00000002   PAD
    0x2000007c        -       0x00000060   Zero   RW         3791    .bss                c_w.l(libspace.o)
    0x200000dc   0x08003a7c   0x00000004   PAD
    0x200000e0        -       0x00000200   Zero   RW          717    HEAP                startup_stm32f10x_hd.o
    0x200002e0        -       0x00000400   Zero   RW          716    STACK               startup_stm32f10x_hd.o


==============================================================================

Image component sizes


      Code (inc. data)   RO Data    RW Data    ZI Data      Debug   Object Name

       376         20          0          0         10       2645   bsp_adc.o
        64          6          0          0          0       1689   bsp_key.o
       182          8          0          0          0       1287   bsp_usart.o
       144         22          0          4          0       1456   delay.o
       196         28          0          0          0       2952   encoderr.o
      3592        334          0         48         20     243824   main.o
       172         22          0          0          0       2413   misc.o
       304         20          0          0          0       1465   motor.o
       568         22          0          0          0       4445   oled.o
       184          4          0          0          0        751   servo.o
        64         26        304          0       1536        912   startup_stm32f10x_hd.o
       390         10          0          0          0       8301   stm32f10x_adc.o
       416          8          0          0          0       3770   stm32f10x_dma.o
       448          6          0          0          0       5026   stm32f10x_gpio.o
        26          0          0          0          0      70018   stm32f10x_it.o
       332         44          0         20          0       6185   stm32f10x_rcc.o
      1892        200          0          0          0      21374   stm32f10x_tim.o
       314          6          0          0          0       4038   stm32f10x_usart.o
       328         28          0         20          0       2681   system_stm32f10x.o

    ----------------------------------------------------------------------
     10026        814        336         92       1568     385232   Object Totals
         0          0         32          0          0          0   (incl. Generated)
        34          0          0          0          2          0   (incl. Padding)

    ----------------------------------------------------------------------

      Code (inc. data)   RO Data    RW Data    ZI Data      Debug   Library Member Name

         8          0          0          0          0         68   __main.o
         0          0          0          0          0          0   __rtentry.o
        12          0          0          0          0          0   __rtentry2.o
         6          0          0          0          0          0   __rtentry4.o
        52          8          0          0          0          0   __scatter.o
        26          0          0          0          0          0   __scatter_copy.o
        28          0          0          0          0          0   __scatter_zi.o
        18          0          0          0          0         80   exit.o
         6          0          0          0          0        152   heapauxi.o
         0          0          0          0          0          0   indicate_semi.o
         2          0          0          0          0          0   libinit.o
         2          0          0          0          0          0   libinit2.o
         2          0          0          0          0          0   libshutdown.o
         2          0          0          0          0          0   libshutdown2.o
         8          4          0          0         96         68   libspace.o
         2          0          0          0          0          0   rtexit.o
        10          0          0          0          0          0   rtexit2.o
        12          4          0          0          0         68   sys_exit.o
        74          0          0          0          0         80   sys_stackheap_outer.o
         2          0          0          0          0         68   use_no_semi.o
        98          4          0          0          0         92   d2f.o
       826         16          0          0          0        348   daddsub_clz.o
        24          0          0          0          0         68   dcmpi.o
       688        140          0          0          0        208   ddiv.o
        90          4          0          0          0         92   dfixu.o
       120          4          0          0          0         92   dleqf.o
       340         12          0          0          0        104   dmul.o
       156          4          0          0          0         92   dnaninf.o
        12          0          0          0          0         68   dretinf.o
       108          0          0          0          0         80   drleqf.o
        86          4          0          0          0         84   f2d.o
       450          8          0          0          0        236   faddsub_clz.o
        24          0          0          0          0         68   fcmpi.o
       388         76          0          0          0         96   fdiv.o
        54          4          0          0          0         84   ffix.o
        62          4          0          0          0         84   ffixu.o
        86          0          0          0          0        136   fflt_clz.o
       104          4          0          0          0         84   fleqf.o
       258          4          0          0          0         84   fmul.o
       140          4          0          0          0         84   fnaninf.o
        10          0          0          0          0         68   fretinf.o
        98          0          0          0          0         68   frleqf.o
         0          0          0          0          0          0   usenofp.o

    ----------------------------------------------------------------------
      4518        308          0          0        100       3004   Library Totals
        24          0          0          0          4          0   (incl. Padding)

    ----------------------------------------------------------------------

      Code (inc. data)   RO Data    RW Data    ZI Data      Debug   Library Name

       272         16          0          0         96        584   c_w.l
      4222        292          0          0          0       2420   fz_ws.l

    ----------------------------------------------------------------------
      4518        308          0          0        100       3004   Library Totals

    ----------------------------------------------------------------------

==============================================================================


      Code (inc. data)   RO Data    RW Data    ZI Data      Debug   

     14544       1122        336         92       1668     381888   Grand Totals
     14544       1122        336         92       1668     381888   ELF Image Totals
     14544       1122        336         92          0          0   ROM Totals

==============================================================================

    Total RO  Size (Code + RO Data)                14880 (  14.53kB)
    Total RW  Size (RW Data + ZI Data)              1760 (   1.72kB)
    Total ROM Size (Code + RO Data + RW Data)      14972 (  14.62kB)

==============================================================================

