<html>
<body>
<pre>
<h1>礦ision Build Log</h1>
<h2>Tool Versions:</h2>
IDE-Version: μVision V5.31.0.0
Copyright (C) 2020 ARM Ltd and ARM Germany GmbH. All rights reserved.
License Information:  ,  , LIC=ZB4EI-T3DYG-WFWI7-E9X0P-1BVKH-8DE86
 
Tool Versions:
Toolchain:       MDK-ARM Plus  Version: 5.31.0.0
Toolchain Path:  E:\special things\Keil_v5\ARM\ARMCC\Bin
C Compiler:      Armcc.exe V5.06 update 6 (build 750)
Assembler:       Armasm.exe V5.06 update 6 (build 750)
Linker/Locator:  ArmLink.exe V5.06 update 6 (build 750)
Library Manager: ArmAr.exe V5.06 update 6 (build 750)
Hex Converter:   FromElf.exe V5.06 update 6 (build 750)
CPU DLL:         SARMCM3.DLL V5.31.0.0
Dialog DLL:      DCM.DLL V1.17.3.0
Target DLL:      STLink\ST-LINKIII-KEIL_SWO.dll V3.0.7.0
Dialog DLL:      TCM.DLL V1.46.0.0
 
<h2>Project:</h2>
E:\正经反复\718预备队\非空白工程（工程合集）\非空白工程  编码器 完赛2（预定）\非空白工程 对称控制 - 编码器 - 测试\Project\example.uvprojx
Project File Date:  12/09/2020

<h2>Output:</h2>
*** Using Compiler 'V5.06 update 6 (build 750)', folder: 'E:\special things\Keil_v5\ARM\ARMCC\Bin'
Build target 'Project'
compiling main.c...
..\App\src\main.c(323): warning:  #111-D: statement is unreachable
  		if((ADC_ConvertedValueLocal[4]>110)&&(j>2999)&&(i==1)){goto Label_2;i++;}
..\App\src\main.c(293): warning:  #177-D: variable "mi"  was declared but never referenced
  		float mP=0.4,mi=0.001,md=0.001;
..\App\src\main.c(293): warning:  #177-D: variable "md"  was declared but never referenced
  		float mP=0.4,mi=0.001,md=0.001;
..\App\src\main.c(111): warning:  #177-D: variable "r_s"  was declared but never referenced
  	float r_s=-65;
..\App\src\main.c: 4 warnings, 0 errors
linking...
Program Size: Code=13976 RO-data=336 RW-data=84 ZI-data=1668  
".\Objects\example.axf" - 0 Error(s), 4 Warning(s).

<h2>Software Packages used:</h2>

Package Vendor: Keil
                http://www.keil.com/pack/Keil.STM32F1xx_DFP.2.3.0.pack
                Keil.STM32F1xx_DFP.2.3.0
                STMicroelectronics STM32F1 Series Device Support, Drivers and Examples

<h2>Collection of Component include folders:</h2>
  E:\special things\Keil_v5\ARM\PACK\Keil\STM32F1xx_DFP\2.3.0\Device\Include

<h2>Collection of Component Files used:</h2>
Build Time Elapsed:  00:00:02
</pre>
</body>
</html>
